Archive member included to satisfy reference by file (symbol)

d:/users/binh viet/stm32cubeide_1.7.0/stm32cubeide/plugins/com.st.stm32cube.ide.mcu.externaltools.gnu-tools-for-stm32.9-2020-q2-update.win32_2.0.0.202105311346/tools/bin/../lib/gcc/arm-none-eabi/9.3.1/../../../../arm-none-eabi/lib/thumb/v7e-m+fp/hard\libc_nano.a(lib_a-errno.o)
                              ./Core/Src/syscalls.o (__errno)
d:/users/binh viet/stm32cubeide_1.7.0/stm32cubeide/plugins/com.st.stm32cube.ide.mcu.externaltools.gnu-tools-for-stm32.9-2020-q2-update.win32_2.0.0.202105311346/tools/bin/../lib/gcc/arm-none-eabi/9.3.1/../../../../arm-none-eabi/lib/thumb/v7e-m+fp/hard\libc_nano.a(lib_a-exit.o)
                              d:/users/binh viet/stm32cubeide_1.7.0/stm32cubeide/plugins/com.st.stm32cube.ide.mcu.externaltools.gnu-tools-for-stm32.9-2020-q2-update.win32_2.0.0.202105311346/tools/bin/../lib/gcc/arm-none-eabi/9.3.1/../../../../arm-none-eabi/lib/thumb/v7e-m+fp/hard/crt0.o (exit)
d:/users/binh viet/stm32cubeide_1.7.0/stm32cubeide/plugins/com.st.stm32cube.ide.mcu.externaltools.gnu-tools-for-stm32.9-2020-q2-update.win32_2.0.0.202105311346/tools/bin/../lib/gcc/arm-none-eabi/9.3.1/../../../../arm-none-eabi/lib/thumb/v7e-m+fp/hard\libc_nano.a(lib_a-impure.o)
                              d:/users/binh viet/stm32cubeide_1.7.0/stm32cubeide/plugins/com.st.stm32cube.ide.mcu.externaltools.gnu-tools-for-stm32.9-2020-q2-update.win32_2.0.0.202105311346/tools/bin/../lib/gcc/arm-none-eabi/9.3.1/../../../../arm-none-eabi/lib/thumb/v7e-m+fp/hard\libc_nano.a(lib_a-exit.o) (_global_impure_ptr)
d:/users/binh viet/stm32cubeide_1.7.0/stm32cubeide/plugins/com.st.stm32cube.ide.mcu.externaltools.gnu-tools-for-stm32.9-2020-q2-update.win32_2.0.0.202105311346/tools/bin/../lib/gcc/arm-none-eabi/9.3.1/../../../../arm-none-eabi/lib/thumb/v7e-m+fp/hard\libc_nano.a(lib_a-init.o)
                              d:/users/binh viet/stm32cubeide_1.7.0/stm32cubeide/plugins/com.st.stm32cube.ide.mcu.externaltools.gnu-tools-for-stm32.9-2020-q2-update.win32_2.0.0.202105311346/tools/bin/../lib/gcc/arm-none-eabi/9.3.1/../../../../arm-none-eabi/lib/thumb/v7e-m+fp/hard/crt0.o (__libc_init_array)
d:/users/binh viet/stm32cubeide_1.7.0/stm32cubeide/plugins/com.st.stm32cube.ide.mcu.externaltools.gnu-tools-for-stm32.9-2020-q2-update.win32_2.0.0.202105311346/tools/bin/../lib/gcc/arm-none-eabi/9.3.1/../../../../arm-none-eabi/lib/thumb/v7e-m+fp/hard\libc_nano.a(lib_a-memset.o)
                              d:/users/binh viet/stm32cubeide_1.7.0/stm32cubeide/plugins/com.st.stm32cube.ide.mcu.externaltools.gnu-tools-for-stm32.9-2020-q2-update.win32_2.0.0.202105311346/tools/bin/../lib/gcc/arm-none-eabi/9.3.1/../../../../arm-none-eabi/lib/thumb/v7e-m+fp/hard/crt0.o (memset)
d:/users/binh viet/stm32cubeide_1.7.0/stm32cubeide/plugins/com.st.stm32cube.ide.mcu.externaltools.gnu-tools-for-stm32.9-2020-q2-update.win32_2.0.0.202105311346/tools/bin/../lib/gcc/arm-none-eabi/9.3.1/../../../../arm-none-eabi/lib/thumb/v7e-m+fp/hard\libc_nano.a(lib_a-rand.o)
                              ./Core/Src/snake.o (srand)
d:/users/binh viet/stm32cubeide_1.7.0/stm32cubeide/plugins/com.st.stm32cube.ide.mcu.externaltools.gnu-tools-for-stm32.9-2020-q2-update.win32_2.0.0.202105311346/tools/bin/../lib/gcc/arm-none-eabi/9.3.1/../../../../arm-none-eabi/lib/thumb/v7e-m+fp/hard\libc_nano.a(lib_a-snprintf.o)
                              ./Core/Src/set_up_mode.o (snprintf)
d:/users/binh viet/stm32cubeide_1.7.0/stm32cubeide/plugins/com.st.stm32cube.ide.mcu.externaltools.gnu-tools-for-stm32.9-2020-q2-update.win32_2.0.0.202105311346/tools/bin/../lib/gcc/arm-none-eabi/9.3.1/../../../../arm-none-eabi/lib/thumb/v7e-m+fp/hard\libc_nano.a(lib_a-strcat.o)
                              ./Core/Src/advanceModeUI.o (strcat)
d:/users/binh viet/stm32cubeide_1.7.0/stm32cubeide/plugins/com.st.stm32cube.ide.mcu.externaltools.gnu-tools-for-stm32.9-2020-q2-update.win32_2.0.0.202105311346/tools/bin/../lib/gcc/arm-none-eabi/9.3.1/../../../../arm-none-eabi/lib/thumb/v7e-m+fp/hard\libc_nano.a(lib_a-strdup.o)
                              ./Core/Src/set_up_mode.o (strdup)
d:/users/binh viet/stm32cubeide_1.7.0/stm32cubeide/plugins/com.st.stm32cube.ide.mcu.externaltools.gnu-tools-for-stm32.9-2020-q2-update.win32_2.0.0.202105311346/tools/bin/../lib/gcc/arm-none-eabi/9.3.1/../../../../arm-none-eabi/lib/thumb/v7e-m+fp/hard\libc_nano.a(lib_a-strdup_r.o)
                              d:/users/binh viet/stm32cubeide_1.7.0/stm32cubeide/plugins/com.st.stm32cube.ide.mcu.externaltools.gnu-tools-for-stm32.9-2020-q2-update.win32_2.0.0.202105311346/tools/bin/../lib/gcc/arm-none-eabi/9.3.1/../../../../arm-none-eabi/lib/thumb/v7e-m+fp/hard\libc_nano.a(lib_a-strdup.o) (_strdup_r)
d:/users/binh viet/stm32cubeide_1.7.0/stm32cubeide/plugins/com.st.stm32cube.ide.mcu.externaltools.gnu-tools-for-stm32.9-2020-q2-update.win32_2.0.0.202105311346/tools/bin/../lib/gcc/arm-none-eabi/9.3.1/../../../../arm-none-eabi/lib/thumb/v7e-m+fp/hard\libc_nano.a(lib_a-strlen.o)
[...]
Memory Configuration

Name             Origin             Length             Attributes
CCMRAM           0x0000000010000000 0x0000000000010000 xrw
RAM              0x0000000020000000 0x0000000000020000 xrw
FLASH            0x0000000008000000 0x0000000000100000 xr
*default*        0x0000000000000000 0xffffffffffffffff

Linker script and memory map

LOAD d:/users/binh viet/stm32cubeide_1.7.0/stm32cubeide/plugins/com.st.stm32cube.ide.mcu.externaltools.gnu-tools-for-stm32.9-2020-q2-update.win32_2.0.0.202105311346/tools/bin/../lib/gcc/arm-none-eabi/9.3.1/thumb/v7e-m+fp/hard/crti.o
LOAD d:/users/binh viet/stm32cubeide_1.7.0/stm32cubeide/plugins/com.st.stm32cube.ide.mcu.externaltools.gnu-tools-for-stm32.9-2020-q2-update.win32_2.0.0.202105311346/tools/bin/../lib/gcc/arm-none-eabi/9.3.1/thumb/v7e-m+fp/hard/crtbegin.o
LOAD d:/users/binh viet/stm32cubeide_1.7.0/stm32cubeide/plugins/com.st.stm32cube.ide.mcu.externaltools.gnu-tools-for-stm32.9-2020-q2-update.win32_2.0.0.202105311346/tools/bin/../lib/gcc/arm-none-eabi/9.3.1/../../../../arm-none-eabi/lib/thumb/v7e-m+fp/hard/crt0.o
LOAD ./Core/Src/adc.o
LOAD ./Core/Src/advanceModeUI.o
LOAD ./Core/Src/button.o
LOAD ./Core/Src/dma.o
LOAD ./Core/Src/exitUI.o
LOAD ./Core/Src/fsmc.o
LOAD ./Core/Src/game_over.o
LOAD ./Core/Src/global.o
LOAD ./Core/Src/gpio.o
LOAD ./Core/Src/lcd.o
LOAD ./Core/Src/led_7seg.o
LOAD ./Core/Src/light_control.o
LOAD ./Core/Src/main.o
LOAD ./Core/Src/picture.o
LOAD ./Core/Src/sensor.o
LOAD ./Core/Src/sensor_read.o
LOAD ./Core/Src/set_up_mode.o
LOAD ./Core/Src/snake.o
LOAD ./Core/Src/software_timer.o
LOAD ./Core/Src/spi.o
LOAD ./Core/Src/startGame.o
LOAD ./Core/Src/stm32f4xx_hal_msp.o
LOAD ./Core/Src/stm32f4xx_it.o
LOAD ./Core/Src/stop_game.o
LOAD ./Core/Src/syscalls.o
LOAD ./Core/Src/sysmem.o
LOAD ./Core/Src/system_stm32f4xx.o
LOAD ./Core/Src/tim.o
LOAD ./Core/Src/timingModeUI.o
LOAD ./Core/Src/uart.o
LOAD ./Core/Src/usart.o
LOAD ./Core/Src/utils.o
LOAD ./Core/Startup/startup_stm32f407zetx.o
LOAD ./Drivers/STM32F4xx_HAL_Driver/Src/stm32f4xx_hal.o
LOAD ./Drivers/STM32F4xx_HAL_Driver/Src/stm32f4xx_hal_adc.o
LOAD ./Drivers/STM32F4xx_HAL_Driver/Src/stm32f4xx_hal_adc_ex.o
LOAD ./Drivers/STM32F4xx_HAL_Driver/Src/stm32f4xx_hal_cortex.o
LOAD ./Drivers/STM32F4xx_HAL_Driver/Src/stm32f4xx_hal_dma.o
LOAD ./Drivers/STM32F4xx_HAL_Driver/Src/stm32f4xx_hal_dma_ex.o
LOAD ./Drivers/STM32F4xx_HAL_Driver/Src/stm32f4xx_hal_exti.o
LOAD ./Drivers/STM32F4xx_HAL_Driver/Src/stm32f4xx_hal_flash.o
LOAD ./Drivers/STM32F4xx_HAL_Driver/Src/stm32f4xx_hal_flash_ex.o
LOAD ./Drivers/STM32F4xx_HAL_Driver/Src/stm32f4xx_hal_flash_ramfunc.o
LOAD ./Drivers/STM32F4xx_HAL_Driver/Src/stm32f4xx_hal_gpio.o
LOAD ./Drivers/STM32F4xx_HAL_Driver/Src/stm32f4xx_hal_pwr.o
LOAD ./Drivers/STM32F4xx_HAL_Driver/Src/stm32f4xx_hal_pwr_ex.o
LOAD ./Drivers/STM32F4xx_HAL_Driver/Src/stm32f4xx_hal_rcc.o
LOAD ./Drivers/STM32F4xx_HAL_Driver/Src/stm32f4xx_hal_rcc_ex.o
LOAD ./Drivers/STM32F4xx_HAL_Driver/Src/stm32f4xx_hal_spi.o
LOAD ./Drivers/STM32F4xx_HAL_Driver/Src/stm32f4xx_hal_sram.o
LOAD ./Drivers/STM32F4xx_HAL_Driver/Src/stm32f4xx_hal_tim.o
LOAD ./Drivers/STM32F4xx_HAL_Driver/Src/stm32f4xx_hal_tim_ex.o
LOAD ./Drivers/STM32F4xx_HAL_Driver/Src/stm32f4xx_hal_uart.o
LOAD ./Drivers/STM32F4xx_HAL_Driver/Src/stm32f4xx_ll_adc.o
LOAD ./Drivers/STM32F4xx_HAL_Driver/Src/stm32f4xx_ll_fsmc.o
START GROUP
LOAD d:/users/binh viet/stm32cubeide_1.7.0/stm32cubeide/plugins/com.st.stm32cube.ide.mcu.externaltools.gnu-tools-for-stm32.9-2020-q2-update.win32_2.0.0.202105311346/tools/bin/../lib/gcc/arm-none-eabi/9.3.1/../../../../arm-none-eabi/lib/thumb/v7e-m+fp/hard\libc_nano.a
LOAD d:/users/binh viet/stm32cubeide_1.7.0/stm32cubeide/plugins/com.st.stm32cube.ide.mcu.externaltools.gnu-tools-for-stm32.9-2020-q2-update.win32_2.0.0.202105311346/tools/bin/../lib/gcc/arm-none-eabi/9.3.1/../../../../arm-none-eabi/lib/thumb/v7e-m+fp/hard\libm.a
END GROUP
START GROUP
LOAD d:/users/binh viet/stm32cubeide_1.7.0/stm32cubeide/plugins/com.st.stm32cube.ide.mcu.externaltools.gnu-tools-for-stm32.9-2020-q2-update.win32_2.0.0.202105311346/tools/bin/../lib/gcc/arm-none-eabi/9.3.1/thumb/v7e-m+fp/hard\libgcc.a
LOAD d:/users/binh viet/stm32cubeide_1.7.0/stm32cubeide/plugins/com.st.stm32cube.ide.mcu.externaltools.gnu-tools-for-stm32.9-2020-q2-update.win32_2.0.0.202105311346/tools/bin/../lib/gcc/arm-none-eabi/9.3.1/../../../../arm-none-eabi/lib/thumb/v7e-m+fp/hard\libc_nano.a
END GROUP
START GROUP
LOAD d:/users/binh viet/stm32cubeide_1.7.0/stm32cubeide/plugins/com.st.stm32cube.ide.mcu.externaltools.gnu-tools-for-stm32.9-2020-q2-update.win32_2.0.0.202105311346/tools/bin/../lib/gcc/arm-none-eabi/9.3.1/thumb/v7e-m+fp/hard\libgcc.a
LOAD d:/users/binh viet/stm32cubeide_1.7.0/stm32cubeide/plugins/com.st.stm32cube.ide.mcu.externaltools.gnu-tools-for-stm32.9-2020-q2-update.win32_2.0.0.202105311346/tools/bin/../lib/gcc/arm-none-eabi/9.3.1/../../../../arm-none-eabi/lib/thumb/v7e-m+fp/hard\libc_nano.a
LOAD d:/users/binh viet/stm32cubeide_1.7.0/stm32cubeide/plugins/com.st.stm32cube.ide.mcu.externaltools.gnu-tools-for-stm32.9-2020-q2-update.win32_2.0.0.202105311346/tools/bin/../lib/gcc/arm-none-eabi/9.3.1/../../../../arm-none-eabi/lib/thumb/v7e-m+fp/hard\libnosys.a
END GROUP
START GROUP
LOAD d:/users/binh viet/stm32cubeide_1.7.0/stm32cubeide/plugins/com.st.stm32cube.ide.mcu.externaltools.gnu-tools-for-stm32.9-2020-q2-update.win32_2.0.0.202105311346/tools/bin/../lib/gcc/arm-none-eabi/9.3.1/thumb/v7e-m+fp/hard\libgcc.a
LOAD d:/users/binh viet/stm32cubeide_1.7.0/stm32cubeide/plugins/com.st.stm32cube.ide.mcu.externaltools.gnu-tools-for-stm32.9-2020-q2-update.win32_2.0.0.202105311346/tools/bin/../lib/gcc/arm-none-eabi/9.3.1/../../../../arm-none-eabi/lib/thumb/v7e-m+fp/hard\libc_nano.a
LOAD d:/users/binh viet/stm32cubeide_1.7.0/stm32cubeide/plugins/com.st.stm32cube.ide.mcu.externaltools.gnu-tools-for-stm32.9-2020-q2-update.win32_2.0.0.202105311346/tools/bin/../lib/gcc/arm-none-eabi/9.3.1/../../../../arm-none-eabi/lib/thumb/v7e-m+fp/hard\libnosys.a
END GROUP
LOAD d:/users/binh viet/stm32cubeide_1.7.0/stm32cubeide/plugins/com.st.stm32cube.ide.mcu.externaltools.gnu-tools-for-stm32.9-2020-q2-update.win32_2.0.0.202105311346/tools/bin/../lib/gcc/arm-none-eabi/9.3.1/thumb/v7e-m+fp/hard/crtend.o
LOAD d:/users/binh viet/stm32cubeide_1.7.0/stm32cubeide/plugins/com.st.stm32cube.ide.mcu.externaltools.gnu-tools-for-stm32.9-2020-q2-update.win32_2.0.0.202105311346/tools/bin/../lib/gcc/arm-none-eabi/9.3.1/thumb/v7e-m+fp/hard/crtn.o
                0x0000000020020000                _estack = (ORIGIN (RAM) + LENGTH (RAM))
                0x0000000000000200                _Min_Heap_Size = 0x200
                0x0000000000000400                _Min_Stack_Size = 0x400

.isr_vector     0x0000000008000000      0x188
                0x0000000008000000                . = ALIGN (0x4)
 *(.isr_vector)
 .isr_vector    0x0000000008000000      0x188 ./Core/Startup/startup_stm32f407zetx.o
                0x0000000008000000                g_pfnVectors
                0x0000000008000188                . = ALIGN (0x4)

.text           0x0000000008000190     0xc7e8
                0x0000000008000190                . = ALIGN (0x4)
 *(.text)
 .text          0x0000000008000190       0x40 d:/users/binh viet/stm32cubeide_1.7.0/stm32cubeide/plugins/com.st.stm32cube.ide.mcu.externaltools.gnu-tools-for-stm32.9-2020-q2-update.win32_2.0.0.202105311346/tools/bin/../lib/gcc/arm-none-eabi/9.3.1/thumb/v7e-m+fp/hard/crtbegin.o
 .text          0x00000000080001d0       0x10 d:/users/binh viet/stm32cubeide_1.7.0/stm32cubeide/plugins/com.st.stm32cube.ide.mcu.externaltools.gnu-tools-for-stm32.9-2020-q2-update.win32_2.0.0.202105311346/tools/bin/../lib/gcc/arm-none-eabi/9.3.1/../../../../arm-none-eabi/lib/thumb/v7e-m+fp/hard\libc_nano.a(lib_a-strlen.o)
                0x00000000080001d0                strlen
 .text          0x00000000080001e0       0xa0 d:/users/binh viet/stm32cubeide_1.7.0/stm32cubeide/plugins/com.st.stm32cube.ide.mcu.externaltools.gnu-tools-for-stm32.9-2020-q2-update.win32_2.0.0.202105311346/tools/bin/../lib/gcc/arm-none-eabi/9.3.1/../../../../arm-none-eabi/lib/thumb/v7e-m+fp/hard\libc_nano.a(lib_a-memchr.o)
                0x00000000080001e0                memchr
 .text          0x0000000008000280       0x30 d:/users/binh viet/stm32cubeide_1.7.0/stm32cubeide/plugins/com.st.stm32cube.ide.mcu.externaltools.gnu-tools-for-stm32.9-2020-q2-update.win32_2.0.0.202105311346/tools/bin/../lib/gcc/arm-none-eabi/9.3.1/thumb/v7e-m+fp/hard\libgcc.a(_aeabi_uldivmod.o)
                0x0000000008000280                __aeabi_uldivmod
 .text          0x00000000080002b0      0x2c4 d:/users/binh viet/stm32cubeide_1.7.0/stm32cubeide/plugins/com.st.stm32cube.ide.mcu.externaltools.gnu-tools-for-stm32.9-2020-q2-update.win32_2.0.0.202105311346/tools/bin/../lib/gcc/arm-none-eabi/9.3.1/thumb/v7e-m+fp/hard\libgcc.a(_udivmoddi4.o)
                0x00000000080002b0                __udivmoddi4
 .text          0x0000000008000574        0x4 d:/users/binh viet/stm32cubeide_1.7.0/stm32cubeide/plugins/com.st.stm32cube.ide.mcu.externaltools.gnu-tools-for-stm32.9-2020-q2-update.win32_2.0.0.202105311346/tools/bin/../lib/gcc/arm-none-eabi/9.3.1/thumb/v7e-m+fp/hard\libgcc.a(_dvmd_tls.o)
                0x0000000008000574                __aeabi_idiv0
                0x0000000008000574                __aeabi_ldiv0
 *(.text*)
 .text.MX_ADC1_Init
                0x0000000008000578      0x114 ./Core/Src/adc.o
                0x0000000008000578                MX_ADC1_Init
 .text.HAL_ADC_MspInit
                0x000000000800068c      0x128 ./Core/Src/adc.o
                0x000000000800068c                HAL_ADC_MspInit
 .text.setupAdvance
                0x00000000080007b4      0x304 ./Core/Src/advanceModeUI.o
                0x00000000080007b4                setupAdvance
 .text.initAdvanceMode
                0x0000000008000ab8       0xa0 ./Core/Src/advanceModeUI.o
                0x0000000008000ab8                initAdvanceMode
 .text.button_init
                0x0000000008000b58       0x34 ./Core/Src/button.o
                0x0000000008000b58                button_init
 .text.button_Scan
                0x0000000008000b8c      0x39c ./Core/Src/button.o
                0x0000000008000b8c                button_Scan
 .text.MX_DMA_Init
                0x0000000008000f28       0x40 ./Core/Src/dma.o
                0x0000000008000f28                MX_DMA_Init
 .text.showNotifyExit
                0x0000000008000f68       0xd4 ./Core/Src/exitUI.o
                0x0000000008000f68                showNotifyExit
 .text.drawArrowExit
                0x000000000800103c      0x2c8 ./Core/Src/exitUI.o
                0x000000000800103c                drawArrowExit
 .text.gameExitUI
                0x0000000008001304       0x14 ./Core/Src/exitUI.o
                0x0000000008001304                gameExitUI
 .text.askToExit
                0x0000000008001318       0x84 ./Core/Src/exitUI.o
                0x0000000008001318                askToExit
 .text.initExit
                0x000000000800139c        0xc ./Core/Src/exitUI.o
                0x000000000800139c                initExit
 .text.MX_FSMC_Init
                0x00000000080013a8       0xf4 ./Core/Src/fsmc.o
                0x00000000080013a8                MX_FSMC_Init
 .text.HAL_FSMC_MspInit
                0x000000000800149c       0x98 ./Core/Src/fsmc.o
 .text.HAL_SRAM_MspInit
                0x0000000008001534       0x14 ./Core/Src/fsmc.o
                0x0000000008001534                HAL_SRAM_MspInit
 .text.showWallnotify
                0x0000000008001548       0xf4 ./Core/Src/game_over.o
                0x0000000008001548                showWallnotify
 .text.showNotifyOver
                0x000000000800163c      0x114 ./Core/Src/game_over.o
                0x000000000800163c                showNotifyOver
 .text.eraseFull
                0x0000000008001750       0x58 ./Core/Src/game_over.o
                0x0000000008001750                eraseFull
 .text.drawArrowOver
                0x00000000080017a8      0x238 ./Core/Src/game_over.o
                0x00000000080017a8                drawArrowOver
 .text.gameOverUI
                0x00000000080019e0       0x22 ./Core/Src/game_over.o
                0x00000000080019e0                gameOverUI
 *fill*         0x0000000008001a02        0x2 
 .text.pickOver
                0x0000000008001a04       0x84 ./Core/Src/game_over.o
                0x0000000008001a04                pickOver
 .text.initOverMode
                0x0000000008001a88      0x1ec ./Core/Src/game_over.o
                0x0000000008001a88                initOverMode
 .text.MX_GPIO_Init
                0x0000000008001c74      0x2c4 ./Core/Src/gpio.o
                0x0000000008001c74                MX_GPIO_Init
 .text.LCD_WR_REG
                0x0000000008001f38       0x20 ./Core/Src/lcd.o
                0x0000000008001f38                LCD_WR_REG
 .text.LCD_WR_DATA
                0x0000000008001f58       0x20 ./Core/Src/lcd.o
 .text.LCD_RD_DATA
                0x0000000008001f78       0x24 ./Core/Src/lcd.o
 .text.lcd_AddressSet
                0x0000000008001f9c       0x98 ./Core/Src/lcd.o
                0x0000000008001f9c                lcd_AddressSet
 .text.lcd_Clear
                0x0000000008002034       0x64 ./Core/Src/lcd.o
                0x0000000008002034                lcd_Clear
 .text.lcd_Fill
                0x0000000008002098       0x6c ./Core/Src/lcd.o
                0x0000000008002098                lcd_Fill
 .text.lcd_DrawPoint
                0x0000000008002104       0x2e ./Core/Src/lcd.o
                0x0000000008002104                lcd_DrawPoint
 .text.lcd_DrawLine
                0x0000000008002132      0x108 ./Core/Src/lcd.o
                0x0000000008002132                lcd_DrawLine
 .text.lcd_DrawRectangle
                0x000000000800223a       0x6e ./Core/Src/lcd.o
                0x000000000800223a                lcd_DrawRectangle
 .text.lcd_ShowChar
                0x00000000080022a8      0x1a0 ./Core/Src/lcd.o
                0x00000000080022a8                lcd_ShowChar
 .text.lcd_ShowPicture
                0x0000000008002448       0xac ./Core/Src/lcd.o
                0x0000000008002448                lcd_ShowPicture
 .text.lcd_SetDir
                0x00000000080024f4       0x48 ./Core/Src/lcd.o
                0x00000000080024f4                lcd_SetDir
 .text.lcd_init
                0x000000000800253c      0x2c0 ./Core/Src/lcd.o
                0x000000000800253c                lcd_init
 .text.lcd_ShowStr
                0x00000000080027fc       0xc8 ./Core/Src/lcd.o
                0x00000000080027fc                lcd_ShowStr
 .text.lcd_StrCenter
                0x00000000080028c4       0x64 ./Core/Src/lcd.o
                0x00000000080028c4                lcd_StrCenter
 .text.led7_init
                0x0000000008002928       0x18 ./Core/Src/led_7seg.o
                0x0000000008002928                led7_init
 .text.led7_Scan
                0x0000000008002940      0x118 ./Core/Src/led_7seg.o
                0x0000000008002940                led7_Scan
 .text.led7_SetDigit
                0x0000000008002a58       0x48 ./Core/Src/led_7seg.o
                0x0000000008002a58                led7_SetDigit
 .text.led7_SetColon
                0x0000000008002aa0       0x40 ./Core/Src/led_7seg.o
                0x0000000008002aa0                led7_SetColon
 .text.main     0x0000000008002ae0      0x178 ./Core/Src/main.o
                0x0000000008002ae0                main
 .text.SystemClock_Config
                0x0000000008002c58       0xd4 ./Core/Src/main.o
                0x0000000008002c58                SystemClock_Config
 .text.system_init
                0x0000000008002d2c       0x60 ./Core/Src/main.o
                0x0000000008002d2c                system_init
 .text.test_lcd
                0x0000000008002d8c       0x3c ./Core/Src/main.o
                0x0000000008002d8c                test_lcd
 .text.Error_Handler
                0x0000000008002dc8        0xa ./Core/Src/main.o
                0x0000000008002dc8                Error_Handler
 *fill*         0x0000000008002dd2        0x2 
 .text.sensor_init
                0x0000000008002dd4       0x1c ./Core/Src/sensor.o
                0x0000000008002dd4                sensor_init
 .text.sensor_Read
                0x0000000008002df0       0x1c ./Core/Src/sensor.o
                0x0000000008002df0                sensor_Read
 .text.sensor_GetLight
                0x0000000008002e0c       0x18 ./Core/Src/sensor.o
                0x0000000008002e0c                sensor_GetLight
 .text.sensor_GetPotentiometer
                0x0000000008002e24       0x18 ./Core/Src/sensor.o
                0x0000000008002e24                sensor_GetPotentiometer
 .text.sensor_GetTemperature
                0x0000000008002e3c       0x3c ./Core/Src/sensor.o
                0x0000000008002e3c                sensor_GetTemperature
 .text.convert2str
                0x0000000008002e78       0x30 ./Core/Src/set_up_mode.o
                0x0000000008002e78                convert2str
 .text.lcdDrawWall
                0x0000000008002ea8       0x48 ./Core/Src/set_up_mode.o
                0x0000000008002ea8                lcdDrawWall
 .text.setUpLcdNormalPlay
                0x0000000008002ef0      0x170 ./Core/Src/set_up_mode.o
                0x0000000008002ef0                setUpLcdNormalPlay
 .text.setUpLcdTimingPlay
                0x0000000008003060      0x16c ./Core/Src/set_up_mode.o
                0x0000000008003060                setUpLcdTimingPlay
 .text.setUpLcdAdvancePlay
                0x00000000080031cc      0x16c ./Core/Src/set_up_mode.o
                0x00000000080031cc                setUpLcdAdvancePlay
 .text.printScore
                0x0000000008003338       0xec ./Core/Src/set_up_mode.o
                0x0000000008003338                printScore
 .text.drawHeadSnake
                0x0000000008003424      0x248 ./Core/Src/snake.o
                0x0000000008003424                drawHeadSnake
 .text.goLeft   0x000000000800366c      0x16c ./Core/Src/snake.o
                0x000000000800366c                goLeft
 .text.goRight  0x00000000080037d8      0x16c ./Core/Src/snake.o
                0x00000000080037d8                goRight
 .text.goUp     0x0000000008003944      0x16c ./Core/Src/snake.o
                0x0000000008003944                goUp
 .text.goDown   0x0000000008003ab0      0x16c ./Core/Src/snake.o
                0x0000000008003ab0                goDown
 .text.resumeGame
                0x0000000008003c1c      0x1f8 ./Core/Src/snake.o
                0x0000000008003c1c                resumeGame
 .text.checkOutOfValidRange
                0x0000000008003e14       0x3c ./Core/Src/snake.o
                0x0000000008003e14                checkOutOfValidRange
 .text.checkEatBody
                0x0000000008003e50       0x5c ./Core/Src/snake.o
                0x0000000008003e50                checkEatBody
 .text.checkEatFruit
                0x0000000008003eac       0x38 ./Core/Src/snake.o
                0x0000000008003eac                checkEatFruit
 .text.checkHitWall
                0x0000000008003ee4      0x128 ./Core/Src/snake.o
                0x0000000008003ee4                checkHitWall
 .text.checkHead
                0x000000000800400c      0x100 ./Core/Src/snake.o
                0x000000000800400c                checkHead
 .text.move     0x000000000800410c       0x50 ./Core/Src/snake.o
                0x000000000800410c                move
 .text.wallInit
                0x000000000800415c       0x88 ./Core/Src/snake.o
                0x000000000800415c                wallInit
 .text.snakeRun
                0x00000000080041e4      0x13c ./Core/Src/snake.o
                0x00000000080041e4                snakeRun
 .text.snakeInit
                0x0000000008004320      0x140 ./Core/Src/snake.o
                0x0000000008004320                snakeInit
 .text.generateFruit
                0x0000000008004460      0x248 ./Core/Src/snake.o
                0x0000000008004460                generateFruit
 .text.generateWall
                0x00000000080046a8      0x5e0 ./Core/Src/snake.o
                0x00000000080046a8                generateWall
 .text.timer_init
                0x0000000008004c88       0x14 ./Core/Src/software_timer.o
                0x0000000008004c88                timer_init
 .text.setTimerSnakeRun
                0x0000000008004c9c       0x38 ./Core/Src/software_timer.o
                0x0000000008004c9c                setTimerSnakeRun
 .text.setTimerTiming
                0x0000000008004cd4       0x40 ./Core/Src/software_timer.o
                0x0000000008004cd4                setTimerTiming
 .text.setTimerDeTime
                0x0000000008004d14       0x38 ./Core/Src/software_timer.o
                0x0000000008004d14                setTimerDeTime
 .text.setTimerGenerateWall
                0x0000000008004d4c       0x38 ./Core/Src/software_timer.o
                0x0000000008004d4c                setTimerGenerateWall
 .text.setTimerUart
                0x0000000008004d84       0x38 ./Core/Src/software_timer.o
                0x0000000008004d84                setTimerUart
 .text.setTimerButton
                0x0000000008004dbc       0x38 ./Core/Src/software_timer.o
                0x0000000008004dbc                setTimerButton
 .text.setTimerSendSensor
                0x0000000008004df4       0x38 ./Core/Src/software_timer.o
                0x0000000008004df4                setTimerSendSensor
 .text.HAL_TIM_PeriodElapsedCallback
                0x0000000008004e2c      0x180 ./Core/Src/software_timer.o
                0x0000000008004e2c                HAL_TIM_PeriodElapsedCallback
 .text.MX_SPI1_Init
                0x0000000008004fac       0x6c ./Core/Src/spi.o
                0x0000000008004fac                MX_SPI1_Init
 .text.HAL_SPI_MspInit
                0x0000000008005018       0x90 ./Core/Src/spi.o
                0x0000000008005018                HAL_SPI_MspInit
 .text.startUI  0x00000000080050a8      0x10c ./Core/Src/startGame.o
                0x00000000080050a8                startUI
 .text.eraseArrow
                0x00000000080051b4       0x1e ./Core/Src/startGame.o
                0x00000000080051b4                eraseArrow
 *fill*         0x00000000080051d2        0x2 
 .text.drawArrow
                0x00000000080051d4       0xa8 ./Core/Src/startGame.o
                0x00000000080051d4                drawArrow
 .text.arrowInPickMode
                0x000000000800527c      0x32c ./Core/Src/startGame.o
                0x000000000800527c                arrowInPickMode
 .text.pickMode
                0x00000000080055a8      0x17c ./Core/Src/startGame.o
                0x00000000080055a8                pickMode
 .text.beginStartGame
                0x0000000008005724      0x6d4 ./Core/Src/startGame.o
                0x0000000008005724                beginStartGame
 .text.HAL_MspInit
                0x0000000008005df8       0x50 ./Core/Src/stm32f4xx_hal_msp.o
                0x0000000008005df8                HAL_MspInit
 .text.NMI_Handler
                0x0000000008005e48        0x6 ./Core/Src/stm32f4xx_it.o
                0x0000000008005e48                NMI_Handler
 .text.HardFault_Handler
                0x0000000008005e4e        0x6 ./Core/Src/stm32f4xx_it.o
                0x0000000008005e4e                HardFault_Handler
 .text.MemManage_Handler
                0x0000000008005e54        0x6 ./Core/Src/stm32f4xx_it.o
                0x0000000008005e54                MemManage_Handler
 .text.BusFault_Handler
                0x0000000008005e5a        0x6 ./Core/Src/stm32f4xx_it.o
                0x0000000008005e5a                BusFault_Handler
 .text.UsageFault_Handler
                0x0000000008005e60        0x6 ./Core/Src/stm32f4xx_it.o
                0x0000000008005e60                UsageFault_Handler
 .text.SVC_Handler
                0x0000000008005e66        0xe ./Core/Src/stm32f4xx_it.o
                0x0000000008005e66                SVC_Handler
 .text.DebugMon_Handler
                0x0000000008005e74        0xe ./Core/Src/stm32f4xx_it.o
                0x0000000008005e74                DebugMon_Handler
 .text.PendSV_Handler
                0x0000000008005e82        0xe ./Core/Src/stm32f4xx_it.o
                0x0000000008005e82                PendSV_Handler
 .text.SysTick_Handler
                0x0000000008005e90        0xc ./Core/Src/stm32f4xx_it.o
                0x0000000008005e90                SysTick_Handler
 .text.TIM2_IRQHandler
                0x0000000008005e9c       0x14 ./Core/Src/stm32f4xx_it.o
                0x0000000008005e9c                TIM2_IRQHandler
 .text.USART2_IRQHandler
                0x0000000008005eb0       0x14 ./Core/Src/stm32f4xx_it.o
                0x0000000008005eb0                USART2_IRQHandler
 .text.DMA2_Stream0_IRQHandler
                0x0000000008005ec4       0x14 ./Core/Src/stm32f4xx_it.o
                0x0000000008005ec4                DMA2_Stream0_IRQHandler
 .text.showNotifyStop
                0x0000000008005ed8       0xb0 ./Core/Src/stop_game.o
                0x0000000008005ed8                showNotifyStop
 .text.drawArrowStop
                0x0000000008005f88      0x238 ./Core/Src/stop_game.o
                0x0000000008005f88                drawArrowStop
 .text.gameStopUI
                0x00000000080061c0       0x14 ./Core/Src/stop_game.o
                0x00000000080061c0                gameStopUI
 .text.pickStop
                0x00000000080061d4       0x88 ./Core/Src/stop_game.o
                0x00000000080061d4                pickStop
 .text.initStopGame
                0x000000000800625c       0xd0 ./Core/Src/stop_game.o
                0x000000000800625c                initStopGame
 .text._getpid  0x000000000800632c       0x10 ./Core/Src/syscalls.o
                0x000000000800632c                _getpid
 .text._kill    0x000000000800633c       0x20 ./Core/Src/syscalls.o
                0x000000000800633c                _kill
 .text._exit    0x000000000800635c       0x14 ./Core/Src/syscalls.o
                0x000000000800635c                _exit
 .text._read    0x0000000008006370       0x3a ./Core/Src/syscalls.o
                0x0000000008006370                _read
 .text._write   0x00000000080063aa       0x38 ./Core/Src/syscalls.o
                0x00000000080063aa                _write
 .text._close   0x00000000080063e2       0x18 ./Core/Src/syscalls.o
                0x00000000080063e2                _close
 .text._fstat   0x00000000080063fa       0x20 ./Core/Src/syscalls.o
                0x00000000080063fa                _fstat
 .text._isatty  0x000000000800641a       0x16 ./Core/Src/syscalls.o
                0x000000000800641a                _isatty
 .text._lseek   0x0000000008006430       0x1a ./Core/Src/syscalls.o
                0x0000000008006430                _lseek
 *fill*         0x000000000800644a        0x2 
 .text._sbrk    0x000000000800644c       0x6c ./Core/Src/sysmem.o
                0x000000000800644c                _sbrk
 .text.SystemInit
                0x00000000080064b8       0x24 ./Core/Src/system_stm32f4xx.o
                0x00000000080064b8                SystemInit
 .text.MX_TIM2_Init
                0x00000000080064dc       0x98 ./Core/Src/tim.o
                0x00000000080064dc                MX_TIM2_Init
 .text.MX_TIM13_Init
                0x0000000008006574       0x9c ./Core/Src/tim.o
                0x0000000008006574                MX_TIM13_Init
 .text.HAL_TIM_Base_MspInit
                0x0000000008006610       0x78 ./Core/Src/tim.o
                0x0000000008006610                HAL_TIM_Base_MspInit
 .text.HAL_TIM_MspPostInit
                0x0000000008006688       0x74 ./Core/Src/tim.o
                0x0000000008006688                HAL_TIM_MspPostInit
 .text.setupTiming
                0x00000000080066fc      0x1e8 ./Core/Src/timingModeUI.o
                0x00000000080066fc                setupTiming
 .text.show7seg
                0x00000000080068e4       0x44 ./Core/Src/timingModeUI.o
                0x00000000080068e4                show7seg
 .text.showTiming
                0x0000000008006928       0x7c ./Core/Src/timingModeUI.o
                0x0000000008006928                showTiming
 .text.initTimingMode
                0x00000000080069a4       0x5c ./Core/Src/timingModeUI.o
                0x00000000080069a4                initTimingMode
 .text.uart_init_esp
                0x0000000008006a00       0x2c ./Core/Src/uart.o
                0x0000000008006a00                uart_init_esp
 .text.uart_EspSendBytes
                0x0000000008006a2c       0x24 ./Core/Src/uart.o
                0x0000000008006a2c                uart_EspSendBytes
 .text.HAL_UART_RxCpltCallback
                0x0000000008006a50       0x68 ./Core/Src/uart.o
                0x0000000008006a50                HAL_UART_RxCpltCallback
 .text.uartSendContinuePlay
                0x0000000008006ab8      0x18c ./Core/Src/uart.o
                0x0000000008006ab8                uartSendContinuePlay
 .text.uartSendSensor
                0x0000000008006c44      0x158 ./Core/Src/uart.o
                0x0000000008006c44                uartSendSensor
 .text.MX_USART2_UART_Init
                0x0000000008006d9c       0x54 ./Core/Src/usart.o
                0x0000000008006d9c                MX_USART2_UART_Init
 .text.HAL_UART_MspInit
                0x0000000008006df0       0xa0 ./Core/Src/usart.o
                0x0000000008006df0                HAL_UART_MspInit
 .text.Reset_Handler
                0x0000000008006e90       0x50 ./Core/Startup/startup_stm32f407zetx.o
                0x0000000008006e90                Reset_Handler
 .text.Default_Handler
                0x0000000008006ee0        0x2 ./Core/Startup/startup_stm32f407zetx.o
                0x0000000008006ee0                RTC_Alarm_IRQHandler
                0x0000000008006ee0                HASH_RNG_IRQHandler
                0x0000000008006ee0                EXTI2_IRQHandler
                0x0000000008006ee0                TIM8_CC_IRQHandler
                0x0000000008006ee0                TIM1_CC_IRQHandler
                0x0000000008006ee0                DMA2_Stream5_IRQHandler
                0x0000000008006ee0                DMA1_Stream5_IRQHandler
                0x0000000008006ee0                PVD_IRQHandler
                0x0000000008006ee0                SDIO_IRQHandler
                0x0000000008006ee0                TAMP_STAMP_IRQHandler
                0x0000000008006ee0                CAN2_RX1_IRQHandler
                0x0000000008006ee0                EXTI3_IRQHandler
                0x0000000008006ee0                TIM8_TRG_COM_TIM14_IRQHandler
                0x0000000008006ee0                TIM1_UP_TIM10_IRQHandler
                0x0000000008006ee0                TIM8_UP_TIM13_IRQHandler
                0x0000000008006ee0                I2C3_ER_IRQHandler
                0x0000000008006ee0                EXTI0_IRQHandler
                0x0000000008006ee0                I2C2_EV_IRQHandler
                0x0000000008006ee0                DMA1_Stream2_IRQHandler
                0x0000000008006ee0                CAN1_RX0_IRQHandler
                0x0000000008006ee0                FPU_IRQHandler
                0x0000000008006ee0                OTG_HS_WKUP_IRQHandler
                0x0000000008006ee0                CAN2_SCE_IRQHandler
                0x0000000008006ee0                DMA2_Stream2_IRQHandler
                0x0000000008006ee0                SPI1_IRQHandler
                0x0000000008006ee0                TIM6_DAC_IRQHandler
                0x0000000008006ee0                TIM1_BRK_TIM9_IRQHandler
                0x0000000008006ee0                DCMI_IRQHandler
                0x0000000008006ee0                CAN2_RX0_IRQHandler
                0x0000000008006ee0                DMA2_Stream3_IRQHandler
                0x0000000008006ee0                USART6_IRQHandler
                0x0000000008006ee0                USART3_IRQHandler
                0x0000000008006ee0                CAN1_RX1_IRQHandler
                0x0000000008006ee0                UART5_IRQHandler
                0x0000000008006ee0                TIM4_IRQHandler
                0x0000000008006ee0                I2C1_EV_IRQHandler
                0x0000000008006ee0                DMA1_Stream6_IRQHandler
                0x0000000008006ee0                DMA1_Stream1_IRQHandler
                0x0000000008006ee0                UART4_IRQHandler
                0x0000000008006ee0                TIM3_IRQHandler
                0x0000000008006ee0                RCC_IRQHandler
                0x0000000008006ee0                TIM8_BRK_TIM12_IRQHandler
                0x0000000008006ee0                Default_Handler
                0x0000000008006ee0                EXTI15_10_IRQHandler
                0x0000000008006ee0                ADC_IRQHandler
                0x0000000008006ee0                DMA1_Stream7_IRQHandler
                0x0000000008006ee0                TIM7_IRQHandler
                0x0000000008006ee0                CAN2_TX_IRQHandler
                0x0000000008006ee0                TIM5_IRQHandler
                0x0000000008006ee0                DMA2_Stream7_IRQHandler
                0x0000000008006ee0                I2C3_EV_IRQHandler
                0x0000000008006ee0                EXTI9_5_IRQHandler
                0x0000000008006ee0                RTC_WKUP_IRQHandler
                0x0000000008006ee0                ETH_WKUP_IRQHandler
                0x0000000008006ee0                SPI2_IRQHandler
                0x0000000008006ee0                OTG_HS_EP1_IN_IRQHandler
                0x0000000008006ee0                DMA1_Stream0_IRQHandler
                0x0000000008006ee0                CAN1_TX_IRQHandler
                0x0000000008006ee0                EXTI4_IRQHandler
                0x0000000008006ee0                FSMC_IRQHandler
                0x0000000008006ee0                ETH_IRQHandler
                0x0000000008006ee0                OTG_HS_EP1_OUT_IRQHandler
                0x0000000008006ee0                WWDG_IRQHandler
                0x0000000008006ee0                OTG_FS_WKUP_IRQHandler
                0x0000000008006ee0                TIM1_TRG_COM_TIM11_IRQHandler
                0x0000000008006ee0                OTG_HS_IRQHandler
                0x0000000008006ee0                EXTI1_IRQHandler
                0x0000000008006ee0                I2C2_ER_IRQHandler
                0x0000000008006ee0                DMA2_Stream1_IRQHandler
                0x0000000008006ee0                CAN1_SCE_IRQHandler
                0x0000000008006ee0                FLASH_IRQHandler
                0x0000000008006ee0                DMA2_Stream4_IRQHandler
                0x0000000008006ee0                USART1_IRQHandler
                0x0000000008006ee0                OTG_FS_IRQHandler
                0x0000000008006ee0                SPI3_IRQHandler
                0x0000000008006ee0                DMA1_Stream4_IRQHandler
                0x0000000008006ee0                I2C1_ER_IRQHandler
                0x0000000008006ee0                DMA2_Stream6_IRQHandler
                0x0000000008006ee0                DMA1_Stream3_IRQHandler
 *fill*         0x0000000008006ee2        0x2 
 .text.HAL_Init
                0x0000000008006ee4       0x44 ./Drivers/STM32F4xx_HAL_Driver/Src/stm32f4xx_hal.o
                0x0000000008006ee4                HAL_Init
 .text.HAL_InitTick
                0x0000000008006f28       0x60 ./Drivers/STM32F4xx_HAL_Driver/Src/stm32f4xx_hal.o
                0x0000000008006f28                HAL_InitTick
 .text.HAL_IncTick
                0x0000000008006f88       0x28 ./Drivers/STM32F4xx_HAL_Driver/Src/stm32f4xx_hal.o
                0x0000000008006f88                HAL_IncTick
 .text.HAL_GetTick
                0x0000000008006fb0       0x18 ./Drivers/STM32F4xx_HAL_Driver/Src/stm32f4xx_hal.o
                0x0000000008006fb0                HAL_GetTick
 .text.HAL_Delay
                0x0000000008006fc8       0x48 ./Drivers/STM32F4xx_HAL_Driver/Src/stm32f4xx_hal.o
                0x0000000008006fc8                HAL_Delay
 .text.HAL_ADC_Init
                0x0000000008007010       0x86 ./Drivers/STM32F4xx_HAL_Driver/Src/stm32f4xx_hal_adc.o
                0x0000000008007010                HAL_ADC_Init
 *fill*         0x0000000008007096        0x2 
 .text.HAL_ADC_Start_DMA
                0x0000000008007098      0x220 ./Drivers/STM32F4xx_HAL_Driver/Src/stm32f4xx_hal_adc.o
                0x0000000008007098                HAL_ADC_Start_DMA
 .text.HAL_ADC_ConvCpltCallback
                0x00000000080072b8       0x14 ./Drivers/STM32F4xx_HAL_Driver/Src/stm32f4xx_hal_adc.o
                0x00000000080072b8                HAL_ADC_ConvCpltCallback
 .text.HAL_ADC_ConvHalfCpltCallback
                0x00000000080072cc       0x14 ./Drivers/STM32F4xx_HAL_Driver/Src/stm32f4xx_hal_adc.o
                0x00000000080072cc                HAL_ADC_ConvHalfCpltCallback
 .text.HAL_ADC_ErrorCallback
                0x00000000080072e0       0x14 ./Drivers/STM32F4xx_HAL_Driver/Src/stm32f4xx_hal_adc.o
                0x00000000080072e0                HAL_ADC_ErrorCallback
 .text.HAL_ADC_ConfigChannel
                0x00000000080072f4      0x244 ./Drivers/STM32F4xx_HAL_Driver/Src/stm32f4xx_hal_adc.o
                0x00000000080072f4                HAL_ADC_ConfigChannel
 .text.ADC_Init
                0x0000000008007538      0x1f8 ./Drivers/STM32F4xx_HAL_Driver/Src/stm32f4xx_hal_adc.o
 .text.ADC_DMAConvCplt
                0x0000000008007730       0xba ./Drivers/STM32F4xx_HAL_Driver/Src/stm32f4xx_hal_adc.o
 .text.ADC_DMAHalfConvCplt
                0x00000000080077ea       0x1c ./Drivers/STM32F4xx_HAL_Driver/Src/stm32f4xx_hal_adc.o
 .text.ADC_DMAError
                0x0000000008007806       0x2e ./Drivers/STM32F4xx_HAL_Driver/Src/stm32f4xx_hal_adc.o
 .text.__NVIC_SetPriorityGrouping
                0x0000000008007834       0x48 ./Drivers/STM32F4xx_HAL_Driver/Src/stm32f4xx_hal_cortex.o
 .text.__NVIC_GetPriorityGrouping
                0x000000000800787c       0x1c ./Drivers/STM32F4xx_HAL_Driver/Src/stm32f4xx_hal_cortex.o
 .text.__NVIC_EnableIRQ
                0x0000000008007898       0x3c ./Drivers/STM32F4xx_HAL_Driver/Src/stm32f4xx_hal_cortex.o
 .text.__NVIC_SetPriority
                0x00000000080078d4       0x54 ./Drivers/STM32F4xx_HAL_Driver/Src/stm32f4xx_hal_cortex.o
 .text.NVIC_EncodePriority
                0x0000000008007928       0x66 ./Drivers/STM32F4xx_HAL_Driver/Src/stm32f4xx_hal_cortex.o
 *fill*         0x000000000800798e        0x2 
 .text.SysTick_Config
                0x0000000008007990       0x44 ./Drivers/STM32F4xx_HAL_Driver/Src/stm32f4xx_hal_cortex.o
 .text.HAL_NVIC_SetPriorityGrouping
                0x00000000080079d4       0x16 ./Drivers/STM32F4xx_HAL_Driver/Src/stm32f4xx_hal_cortex.o
                0x00000000080079d4                HAL_NVIC_SetPriorityGrouping
 .text.HAL_NVIC_SetPriority
                0x00000000080079ea       0x38 ./Drivers/STM32F4xx_HAL_Driver/Src/stm32f4xx_hal_cortex.o
                0x00000000080079ea                HAL_NVIC_SetPriority
 .text.HAL_NVIC_EnableIRQ
                0x0000000008007a22       0x1c ./Drivers/STM32F4xx_HAL_Driver/Src/stm32f4xx_hal_cortex.o
                0x0000000008007a22                HAL_NVIC_EnableIRQ
 .text.HAL_SYSTICK_Config
                0x0000000008007a3e       0x18 ./Drivers/STM32F4xx_HAL_Driver/Src/stm32f4xx_hal_cortex.o
                0x0000000008007a3e                HAL_SYSTICK_Config
 *fill*         0x0000000008007a56        0x2 
 .text.HAL_DMA_Init
                0x0000000008007a58      0x15c ./Drivers/STM32F4xx_HAL_Driver/Src/stm32f4xx_hal_dma.o
                0x0000000008007a58                HAL_DMA_Init
 .text.HAL_DMA_Start_IT
                0x0000000008007bb4       0xb0 ./Drivers/STM32F4xx_HAL_Driver/Src/stm32f4xx_hal_dma.o
                0x0000000008007bb4                HAL_DMA_Start_IT
 .text.HAL_DMA_Abort
                0x0000000008007c64       0xe0 ./Drivers/STM32F4xx_HAL_Driver/Src/stm32f4xx_hal_dma.o
                0x0000000008007c64                HAL_DMA_Abort
 .text.HAL_DMA_Abort_IT
                0x0000000008007d44       0x44 ./Drivers/STM32F4xx_HAL_Driver/Src/stm32f4xx_hal_dma.o
                0x0000000008007d44                HAL_DMA_Abort_IT
 .text.HAL_DMA_IRQHandler
                0x0000000008007d88      0x314 ./Drivers/STM32F4xx_HAL_Driver/Src/stm32f4xx_hal_dma.o
                0x0000000008007d88                HAL_DMA_IRQHandler
 .text.DMA_SetConfig
                0x000000000800809c       0x5c ./Drivers/STM32F4xx_HAL_Driver/Src/stm32f4xx_hal_dma.o
 .text.DMA_CalcBaseAndBitshift
                0x00000000080080f8       0x6c ./Drivers/STM32F4xx_HAL_Driver/Src/stm32f4xx_hal_dma.o
 .text.DMA_CheckFifoParam
                0x0000000008008164       0xf8 ./Drivers/STM32F4xx_HAL_Driver/Src/stm32f4xx_hal_dma.o
 .text.HAL_GPIO_Init
                0x000000000800825c      0x338 ./Drivers/STM32F4xx_HAL_Driver/Src/stm32f4xx_hal_gpio.o
                0x000000000800825c                HAL_GPIO_Init
 .text.HAL_GPIO_ReadPin
                0x0000000008008594       0x30 ./Drivers/STM32F4xx_HAL_Driver/Src/stm32f4xx_hal_gpio.o
                0x0000000008008594                HAL_GPIO_ReadPin
 .text.HAL_GPIO_WritePin
                0x00000000080085c4       0x32 ./Drivers/STM32F4xx_HAL_Driver/Src/stm32f4xx_hal_gpio.o
                0x00000000080085c4                HAL_GPIO_WritePin
 *fill*         0x00000000080085f6        0x2 
 .text.HAL_RCC_OscConfig
                0x00000000080085f8      0x4f0 ./Drivers/STM32F4xx_HAL_Driver/Src/stm32f4xx_hal_rcc.o
                0x00000000080085f8                HAL_RCC_OscConfig
 .text.HAL_RCC_ClockConfig
                0x0000000008008ae8      0x1cc ./Drivers/STM32F4xx_HAL_Driver/Src/stm32f4xx_hal_rcc.o
                0x0000000008008ae8                HAL_RCC_ClockConfig
 .text.HAL_RCC_GetSysClockFreq
                0x0000000008008cb4      0x1c4 ./Drivers/STM32F4xx_HAL_Driver/Src/stm32f4xx_hal_rcc.o
                0x0000000008008cb4                HAL_RCC_GetSysClockFreq
 .text.HAL_RCC_GetHCLKFreq
                0x0000000008008e78       0x18 ./Drivers/STM32F4xx_HAL_Driver/Src/stm32f4xx_hal_rcc.o
                0x0000000008008e78                HAL_RCC_GetHCLKFreq
 .text.HAL_RCC_GetPCLK1Freq
                0x0000000008008e90       0x28 ./Drivers/STM32F4xx_HAL_Driver/Src/stm32f4xx_hal_rcc.o
                0x0000000008008e90                HAL_RCC_GetPCLK1Freq
 .text.HAL_RCC_GetPCLK2Freq
                0x0000000008008eb8       0x28 ./Drivers/STM32F4xx_HAL_Driver/Src/stm32f4xx_hal_rcc.o
                0x0000000008008eb8                HAL_RCC_GetPCLK2Freq
 .text.HAL_SPI_Init
                0x0000000008008ee0      0x112 ./Drivers/STM32F4xx_HAL_Driver/Src/stm32f4xx_hal_spi.o
                0x0000000008008ee0                HAL_SPI_Init
 .text.HAL_SPI_Transmit
                0x0000000008008ff2      0x278 ./Drivers/STM32F4xx_HAL_Driver/Src/stm32f4xx_hal_spi.o
                0x0000000008008ff2                HAL_SPI_Transmit
 *fill*         0x000000000800926a        0x2 
 .text.SPI_WaitFlagStateUntilTimeout
                0x000000000800926c      0x110 ./Drivers/STM32F4xx_HAL_Driver/Src/stm32f4xx_hal_spi.o
 .text.SPI_EndRxTxTransaction
                0x000000000800937c       0x84 ./Drivers/STM32F4xx_HAL_Driver/Src/stm32f4xx_hal_spi.o
 .text.HAL_SRAM_Init
                0x0000000008009400       0x90 ./Drivers/STM32F4xx_HAL_Driver/Src/stm32f4xx_hal_sram.o
                0x0000000008009400                HAL_SRAM_Init
 .text.HAL_TIM_Base_Init
                0x0000000008009490       0x9e ./Drivers/STM32F4xx_HAL_Driver/Src/stm32f4xx_hal_tim.o
                0x0000000008009490                HAL_TIM_Base_Init
 *fill*         0x000000000800952e        0x2 
 .text.HAL_TIM_Base_Start_IT
                0x0000000008009530       0xe0 ./Drivers/STM32F4xx_HAL_Driver/Src/stm32f4xx_hal_tim.o
                0x0000000008009530                HAL_TIM_Base_Start_IT
 .text.HAL_TIM_PWM_Init
                0x0000000008009610       0x9e ./Drivers/STM32F4xx_HAL_Driver/Src/stm32f4xx_hal_tim.o
                0x0000000008009610                HAL_TIM_PWM_Init
 .text.HAL_TIM_PWM_MspInit
                0x00000000080096ae       0x14 ./Drivers/STM32F4xx_HAL_Driver/Src/stm32f4xx_hal_tim.o
                0x00000000080096ae                HAL_TIM_PWM_MspInit
 .text.HAL_TIM_IRQHandler
                0x00000000080096c2      0x210 ./Drivers/STM32F4xx_HAL_Driver/Src/stm32f4xx_hal_tim.o
                0x00000000080096c2                HAL_TIM_IRQHandler
 *fill*         0x00000000080098d2        0x2 
 .text.HAL_TIM_PWM_ConfigChannel
                0x00000000080098d4      0x184 ./Drivers/STM32F4xx_HAL_Driver/Src/stm32f4xx_hal_tim.o
                0x00000000080098d4                HAL_TIM_PWM_ConfigChannel
 .text.HAL_TIM_ConfigClockSource
                0x0000000008009a58      0x18e ./Drivers/STM32F4xx_HAL_Driver/Src/stm32f4xx_hal_tim.o
                0x0000000008009a58                HAL_TIM_ConfigClockSource
 .text.HAL_TIM_OC_DelayElapsedCallback
                0x0000000008009be6       0x14 ./Drivers/STM32F4xx_HAL_Driver/Src/stm32f4xx_hal_tim.o
                0x0000000008009be6                HAL_TIM_OC_DelayElapsedCallback
 .text.HAL_TIM_IC_CaptureCallback
                0x0000000008009bfa       0x14 ./Drivers/STM32F4xx_HAL_Driver/Src/stm32f4xx_hal_tim.o
                0x0000000008009bfa                HAL_TIM_IC_CaptureCallback
 .text.HAL_TIM_PWM_PulseFinishedCallback
                0x0000000008009c0e       0x14 ./Drivers/STM32F4xx_HAL_Driver/Src/stm32f4xx_hal_tim.o
                0x0000000008009c0e                HAL_TIM_PWM_PulseFinishedCallback
 .text.HAL_TIM_TriggerCallback
                0x0000000008009c22       0x14 ./Drivers/STM32F4xx_HAL_Driver/Src/stm32f4xx_hal_tim.o
                0x0000000008009c22                HAL_TIM_TriggerCallback
 *fill*         0x0000000008009c36        0x2 
 .text.TIM_Base_SetConfig
                0x0000000008009c38      0x140 ./Drivers/STM32F4xx_HAL_Driver/Src/stm32f4xx_hal_tim.o
                0x0000000008009c38                TIM_Base_SetConfig
 .text.TIM_OC1_SetConfig
                0x0000000008009d78       0xe0 ./Drivers/STM32F4xx_HAL_Driver/Src/stm32f4xx_hal_tim.o
 .text.TIM_OC2_SetConfig
                0x0000000008009e58       0xec ./Drivers/STM32F4xx_HAL_Driver/Src/stm32f4xx_hal_tim.o
                0x0000000008009e58                TIM_OC2_SetConfig
 .text.TIM_OC3_SetConfig
                0x0000000008009f44       0xe8 ./Drivers/STM32F4xx_HAL_Driver/Src/stm32f4xx_hal_tim.o
 .text.TIM_OC4_SetConfig
                0x000000000800a02c       0xac ./Drivers/STM32F4xx_HAL_Driver/Src/stm32f4xx_hal_tim.o
 .text.TIM_TI1_ConfigInputStage
                0x000000000800a0d8       0x5e ./Drivers/STM32F4xx_HAL_Driver/Src/stm32f4xx_hal_tim.o
 .text.TIM_TI2_ConfigInputStage
                0x000000000800a136       0x60 ./Drivers/STM32F4xx_HAL_Driver/Src/stm32f4xx_hal_tim.o
 .text.TIM_ITRx_SetConfig
                0x000000000800a196       0x36 ./Drivers/STM32F4xx_HAL_Driver/Src/stm32f4xx_hal_tim.o
 .text.TIM_ETR_SetConfig
                0x000000000800a1cc       0x40 ./Drivers/STM32F4xx_HAL_Driver/Src/stm32f4xx_hal_tim.o
                0x000000000800a1cc                TIM_ETR_SetConfig
 .text.HAL_TIMEx_MasterConfigSynchronization
                0x000000000800a20c       0xf8 ./Drivers/STM32F4xx_HAL_Driver/Src/stm32f4xx_hal_tim_ex.o
                0x000000000800a20c                HAL_TIMEx_MasterConfigSynchronization
 .text.HAL_TIMEx_CommutCallback
                0x000000000800a304       0x14 ./Drivers/STM32F4xx_HAL_Driver/Src/stm32f4xx_hal_tim_ex.o
                0x000000000800a304                HAL_TIMEx_CommutCallback
 .text.HAL_TIMEx_BreakCallback
                0x000000000800a318       0x14 ./Drivers/STM32F4xx_HAL_Driver/Src/stm32f4xx_hal_tim_ex.o
                0x000000000800a318                HAL_TIMEx_BreakCallback
 .text.HAL_UART_Init
                0x000000000800a32c       0x9a ./Drivers/STM32F4xx_HAL_Driver/Src/stm32f4xx_hal_uart.o
                0x000000000800a32c                HAL_UART_Init
 .text.HAL_UART_Transmit
                0x000000000800a3c6      0x124 ./Drivers/STM32F4xx_HAL_Driver/Src/stm32f4xx_hal_uart.o
                0x000000000800a3c6                HAL_UART_Transmit
 .text.HAL_UART_Receive_IT
                0x000000000800a4ea       0x60 ./Drivers/STM32F4xx_HAL_Driver/Src/stm32f4xx_hal_uart.o
                0x000000000800a4ea                HAL_UART_Receive_IT
 *fill*         0x000000000800a54a        0x2 
 .text.HAL_UART_IRQHandler
                0x000000000800a54c      0x51c ./Drivers/STM32F4xx_HAL_Driver/Src/stm32f4xx_hal_uart.o
                0x000000000800a54c                HAL_UART_IRQHandler
 .text.HAL_UART_TxCpltCallback
                0x000000000800aa68       0x14 ./Drivers/STM32F4xx_HAL_Driver/Src/stm32f4xx_hal_uart.o
                0x000000000800aa68                HAL_UART_TxCpltCallback
 .text.HAL_UART_ErrorCallback
                0x000000000800aa7c       0x14 ./Drivers/STM32F4xx_HAL_Driver/Src/stm32f4xx_hal_uart.o
                0x000000000800aa7c                HAL_UART_ErrorCallback
 .text.HAL_UARTEx_RxEventCallback
                0x000000000800aa90       0x18 ./Drivers/STM32F4xx_HAL_Driver/Src/stm32f4xx_hal_uart.o
                0x000000000800aa90                HAL_UARTEx_RxEventCallback
 .text.UART_WaitOnFlagUntilTimeout
                0x000000000800aaa8       0xdc ./Drivers/STM32F4xx_HAL_Driver/Src/stm32f4xx_hal_uart.o
 .text.UART_Start_Receive_IT
                0x000000000800ab84       0x7c ./Drivers/STM32F4xx_HAL_Driver/Src/stm32f4xx_hal_uart.o
                0x000000000800ab84                UART_Start_Receive_IT
 .text.UART_EndRxTransfer
                0x000000000800ac00       0xc6 ./Drivers/STM32F4xx_HAL_Driver/Src/stm32f4xx_hal_uart.o
 .text.UART_DMAAbortOnError
                0x000000000800acc6       0x28 ./Drivers/STM32F4xx_HAL_Driver/Src/stm32f4xx_hal_uart.o
 .text.UART_Transmit_IT
                0x000000000800acee       0xa0 ./Drivers/STM32F4xx_HAL_Driver/Src/stm32f4xx_hal_uart.o
 .text.UART_EndTransmit_IT
                0x000000000800ad8e       0x30 ./Drivers/STM32F4xx_HAL_Driver/Src/stm32f4xx_hal_uart.o
 .text.UART_Receive_IT
                0x000000000800adbe      0x176 ./Drivers/STM32F4xx_HAL_Driver/Src/stm32f4xx_hal_uart.o
 .text.UART_SetConfig
                0x000000000800af34      0x390 ./Drivers/STM32F4xx_HAL_Driver/Src/stm32f4xx_hal_uart.o
 .text.FSMC_NORSRAM_Init
                0x000000000800b2c4       0xd4 ./Drivers/STM32F4xx_HAL_Driver/Src/stm32f4xx_ll_fsmc.o
                0x000000000800b2c4                FSMC_NORSRAM_Init
 .text.FSMC_NORSRAM_Timing_Init
                0x000000000800b398       0x6a ./Drivers/STM32F4xx_HAL_Driver/Src/stm32f4xx_ll_fsmc.o
                0x000000000800b398                FSMC_NORSRAM_Timing_Init
 *fill*         0x000000000800b402        0x2 
 .text.FSMC_NORSRAM_Extended_Timing_Init
                0x000000000800b404       0x70 ./Drivers/STM32F4xx_HAL_Driver/Src/stm32f4xx_ll_fsmc.o
                0x000000000800b404                FSMC_NORSRAM_Extended_Timing_Init
 .text.__errno  0x000000000800b474        0xc d:/users/binh viet/stm32cubeide_1.7.0/stm32cubeide/plugins/com.st.stm32cube.ide.mcu.externaltools.gnu-tools-for-stm32.9-2020-q2-update.win32_2.0.0.202105311346/tools/bin/../lib/gcc/arm-none-eabi/9.3.1/../../../../arm-none-eabi/lib/thumb/v7e-m+fp/hard\libc_nano.a(lib_a-errno.o)
                0x000000000800b474                __errno
 .text.__libc_init_array
                0x000000000800b480       0x48 d:/users/binh viet/stm32cubeide_1.7.0/stm32cubeide/plugins/com.st.stm32cube.ide.mcu.externaltools.gnu-tools-for-stm32.9-2020-q2-update.win32_2.0.0.202105311346/tools/bin/../lib/gcc/arm-none-eabi/9.3.1/../../../../arm-none-eabi/lib/thumb/v7e-m+fp/hard\libc_nano.a(lib_a-init.o)
                0x000000000800b480                __libc_init_array
 .text.memset   0x000000000800b4c8       0x10 d:/users/binh viet/stm32cubeide_1.7.0/stm32cubeide/plugins/com.st.stm32cube.ide.mcu.externaltools.gnu-tools-for-stm32.9-2020-q2-update.win32_2.0.0.202105311346/tools/bin/../lib/gcc/arm-none-eabi/9.3.1/../../../../arm-none-eabi/lib/thumb/v7e-m+fp/hard\libc_nano.a(lib_a-memset.o)
                0x000000000800b4c8                memset
 .text.srand    0x000000000800b4d8       0x5c d:/users/binh viet/stm32cubeide_1.7.0/stm32cubeide/plugins/com.st.stm32cube.ide.mcu.externaltools.gnu-tools-for-stm32.9-2020-q2-update.win32_2.0.0.202105311346/tools/bin/../lib/gcc/arm-none-eabi/9.3.1/../../../../arm-none-eabi/lib/thumb/v7e-m+fp/hard\libc_nano.a(lib_a-rand.o)
                0x000000000800b4d8                srand
 .text.rand     0x000000000800b534       0x80 d:/users/binh viet/stm32cubeide_1.7.0/stm32cubeide/plugins/com.st.stm32cube.ide.mcu.externaltools.gnu-tools-for-stm32.9-2020-q2-update.win32_2.0.0.202105311346/tools/bin/../lib/gcc/arm-none-eabi/9.3.1/../../../../arm-none-eabi/lib/thumb/v7e-m+fp/hard\libc_nano.a(lib_a-rand.o)
                0x000000000800b534                rand
 .text.snprintf
                0x000000000800b5b4       0x68 d:/users/binh viet/stm32cubeide_1.7.0/stm32cubeide/plugins/com.st.stm32cube.ide.mcu.externaltools.gnu-tools-for-stm32.9-2020-q2-update.win32_2.0.0.202105311346/tools/bin/../lib/gcc/arm-none-eabi/9.3.1/../../../../arm-none-eabi/lib/thumb/v7e-m+fp/hard\libc_nano.a(lib_a-snprintf.o)
                0x000000000800b5b4                sniprintf
                0x000000000800b5b4                snprintf
 .text.strcat   0x000000000800b61c       0x1e d:/users/binh viet/stm32cubeide_1.7.0/stm32cubeide/plugins/com.st.stm32cube.ide.mcu.externaltools.gnu-tools-for-stm32.9-2020-q2-update.win32_2.0.0.202105311346/tools/bin/../lib/gcc/arm-none-eabi/9.3.1/../../../../arm-none-eabi/lib/thumb/v7e-m+fp/hard\libc_nano.a(lib_a-strcat.o)
                0x000000000800b61c                strcat
 *fill*         0x000000000800b63a        0x2 
 .text.strdup   0x000000000800b63c       0x10 d:/users/binh viet/stm32cubeide_1.7.0/stm32cubeide/plugins/com.st.stm32cube.ide.mcu.externaltools.gnu-tools-for-stm32.9-2020-q2-update.win32_2.0.0.202105311346/tools/bin/../lib/gcc/arm-none-eabi/9.3.1/../../../../arm-none-eabi/lib/thumb/v7e-m+fp/hard\libc_nano.a(lib_a-strdup.o)
                0x000000000800b63c                strdup
 .text._strdup_r
                0x000000000800b64c       0x2a d:/users/binh viet/stm32cubeide_1.7.0/stm32cubeide/plugins/com.st.stm32cube.ide.mcu.externaltools.gnu-tools-for-stm32.9-2020-q2-update.win32_2.0.0.202105311346/tools/bin/../lib/gcc/arm-none-eabi/9.3.1/../../../../arm-none-eabi/lib/thumb/v7e-m+fp/hard\libc_nano.a(lib_a-strdup_r.o)
                0x000000000800b64c                _strdup_r
 *fill*         0x000000000800b676        0x2 
 .text.__assert_func
                0x000000000800b678       0x3c d:/users/binh viet/stm32cubeide_1.7.0/stm32cubeide/plugins/com.st.stm32cube.ide.mcu.externaltools.gnu-tools-for-stm32.9-2020-q2-update.win32_2.0.0.202105311346/tools/bin/../lib/gcc/arm-none-eabi/9.3.1/../../../../arm-none-eabi/lib/thumb/v7e-m+fp/hard\libc_nano.a(lib_a-assert.o)
                0x000000000800b678                __assert_func
 .text.fprintf  0x000000000800b6b4       0x24 d:/users/binh viet/stm32cubeide_1.7.0/stm32cubeide/plugins/com.st.stm32cube.ide.mcu.externaltools.gnu-tools-for-stm32.9-2020-q2-update.win32_2.0.0.202105311346/tools/bin/../lib/gcc/arm-none-eabi/9.3.1/../../../../arm-none-eabi/lib/thumb/v7e-m+fp/hard\libc_nano.a(lib_a-fprintf.o)
                0x000000000800b6b4                fiprintf
                0x000000000800b6b4                fprintf
 .text.malloc   0x000000000800b6d8       0x10 d:/users/binh viet/stm32cubeide_1.7.0/stm32cubeide/plugins/com.st.stm32cube.ide.mcu.externaltools.gnu-tools-for-stm32.9-2020-q2-update.win32_2.0.0.202105311346/tools/bin/../lib/gcc/arm-none-eabi/9.3.1/../../../../arm-none-eabi/lib/thumb/v7e-m+fp/hard\libc_nano.a(lib_a-malloc.o)
                0x000000000800b6d8                malloc
 .text.memcpy   0x000000000800b6e8       0x1c d:/users/binh viet/stm32cubeide_1.7.0/stm32cubeide/plugins/com.st.stm32cube.ide.mcu.externaltools.gnu-tools-for-stm32.9-2020-q2-update.win32_2.0.0.202105311346/tools/bin/../lib/gcc/arm-none-eabi/9.3.1/../../../../arm-none-eabi/lib/thumb/v7e-m+fp/hard\libc_nano.a(lib_a-memcpy-stub.o)
                0x000000000800b6e8                memcpy
 .text._free_r  0x000000000800b704       0xa0 d:/users/binh viet/stm32cubeide_1.7.0/stm32cubeide/plugins/com.st.stm32cube.ide.mcu.externaltools.gnu-tools-for-stm32.9-2020-q2-update.win32_2.0.0.202105311346/tools/bin/../lib/gcc/arm-none-eabi/9.3.1/../../../../arm-none-eabi/lib/thumb/v7e-m+fp/hard\libc_nano.a(lib_a-nano-freer.o)
                0x000000000800b704                _free_r
 .text._malloc_r
                0x000000000800b7a4       0xb4 d:/users/binh viet/stm32cubeide_1.7.0/stm32cubeide/plugins/com.st.stm32cube.ide.mcu.externaltools.gnu-tools-for-stm32.9-2020-q2-update.win32_2.0.0.202105311346/tools/bin/../lib/gcc/arm-none-eabi/9.3.1/../../../../arm-none-eabi/lib/thumb/v7e-m+fp/hard\libc_nano.a(lib_a-nano-mallocr.o)
                0x000000000800b7a4                _malloc_r
 .text.__ssputs_r
                0x000000000800b858       0xb6 d:/users/binh viet/stm32cubeide_1.7.0/stm32cubeide/plugins/com.st.stm32cube.ide.mcu.externaltools.gnu-tools-for-stm32.9-2020-q2-update.win32_2.0.0.202105311346/tools/bin/../lib/gcc/arm-none-eabi/9.3.1/../../../../arm-none-eabi/lib/thumb/v7e-m+fp/hard\libc_nano.a(lib_a-nano-svfprintf.o)
                0x000000000800b858                __ssputs_r
 *fill*         0x000000000800b90e        0x2 
 .text._svfprintf_r
                0x000000000800b910      0x200 d:/users/binh viet/stm32cubeide_1.7.0/stm32cubeide/plugins/com.st.stm32cube.ide.mcu.externaltools.gnu-tools-for-stm32.9-2020-q2-update.win32_2.0.0.202105311346/tools/bin/../lib/gcc/arm-none-eabi/9.3.1/../../../../arm-none-eabi/lib/thumb/v7e-m+fp/hard\libc_nano.a(lib_a-nano-svfprintf.o)
                0x000000000800b910                _svfiprintf_r
                0x000000000800b910                _svfprintf_r
 .text.__sfputc_r
                0x000000000800bb10       0x2e d:/users/binh viet/stm32cubeide_1.7.0/stm32cubeide/plugins/com.st.stm32cube.ide.mcu.externaltools.gnu-tools-for-stm32.9-2020-q2-update.win32_2.0.0.202105311346/tools/bin/../lib/gcc/arm-none-eabi/9.3.1/../../../../arm-none-eabi/lib/thumb/v7e-m+fp/hard\libc_nano.a(lib_a-nano-vfprintf.o)
 .text.__sfputs_r
                0x000000000800bb3e       0x24 d:/users/binh viet/stm32cubeide_1.7.0/stm32cubeide/plugins/com.st.stm32cube.ide.mcu.externaltools.gnu-tools-for-stm32.9-2020-q2-update.win32_2.0.0.202105311346/tools/bin/../lib/gcc/arm-none-eabi/9.3.1/../../../../arm-none-eabi/lib/thumb/v7e-m+fp/hard\libc_nano.a(lib_a-nano-vfprintf.o)
                0x000000000800bb3e                __sfputs_r
 *fill*         0x000000000800bb62        0x2 
 .text._vfprintf_r
                0x000000000800bb64      0x260 d:/users/binh viet/stm32cubeide_1.7.0/stm32cubeide/plugins/com.st.stm32cube.ide.mcu.externaltools.gnu-tools-for-stm32.9-2020-q2-update.win32_2.0.0.202105311346/tools/bin/../lib/gcc/arm-none-eabi/9.3.1/../../../../arm-none-eabi/lib/thumb/v7e-m+fp/hard\libc_nano.a(lib_a-nano-vfprintf.o)
                0x000000000800bb64                _vfprintf_r
                0x000000000800bb64                _vfiprintf_r
 .text._printf_common
                0x000000000800bdc4       0xda d:/users/binh viet/stm32cubeide_1.7.0/stm32cubeide/plugins/com.st.stm32cube.ide.mcu.externaltools.gnu-tools-for-stm32.9-2020-q2-update.win32_2.0.0.202105311346/tools/bin/../lib/gcc/arm-none-eabi/9.3.1/../../../../arm-none-eabi/lib/thumb/v7e-m+fp/hard\libc_nano.a(lib_a-nano-vfprintf_i.o)
                0x000000000800bdc4                _printf_common
 *fill*         0x000000000800be9e        0x2 
 .text._printf_i
                0x000000000800bea0      0x24c d:/users/binh viet/stm32cubeide_1.7.0/stm32cubeide/plugins/com.st.stm32cube.ide.mcu.externaltools.gnu-tools-for-stm32.9-2020-q2-update.win32_2.0.0.202105311346/tools/bin/../lib/gcc/arm-none-eabi/9.3.1/../../../../arm-none-eabi/lib/thumb/v7e-m+fp/hard\libc_nano.a(lib_a-nano-vfprintf_i.o)
                0x000000000800bea0                _printf_i
 .text._sbrk_r  0x000000000800c0ec       0x20 d:/users/binh viet/stm32cubeide_1.7.0/stm32cubeide/plugins/com.st.stm32cube.ide.mcu.externaltools.gnu-tools-for-stm32.9-2020-q2-update.win32_2.0.0.202105311346/tools/bin/../lib/gcc/arm-none-eabi/9.3.1/../../../../arm-none-eabi/lib/thumb/v7e-m+fp/hard\libc_nano.a(lib_a-sbrkr.o)
                0x000000000800c0ec                _sbrk_r
 .text.__swbuf_r
                0x000000000800c10c       0xa4 d:/users/binh viet/stm32cubeide_1.7.0/stm32cubeide/plugins/com.st.stm32cube.ide.mcu.externaltools.gnu-tools-for-stm32.9-2020-q2-update.win32_2.0.0.202105311346/tools/bin/../lib/gcc/arm-none-eabi/9.3.1/../../../../arm-none-eabi/lib/thumb/v7e-m+fp/hard\libc_nano.a(lib_a-wbuf.o)
                0x000000000800c10c                __swbuf_r
 .text.__swsetup_r
                0x000000000800c1b0       0xdc d:/users/binh viet/stm32cubeide_1.7.0/stm32cubeide/plugins/com.st.stm32cube.ide.mcu.externaltools.gnu-tools-for-stm32.9-2020-q2-update.win32_2.0.0.202105311346/tools/bin/../lib/gcc/arm-none-eabi/9.3.1/../../../../arm-none-eabi/lib/thumb/v7e-m+fp/hard\libc_nano.a(lib_a-wsetup.o)
                0x000000000800c1b0                __swsetup_r
 .text.abort    0x000000000800c28c        0xe d:/users/binh viet/stm32cubeide_1.7.0/stm32cubeide/plugins/com.st.stm32cube.ide.mcu.externaltools.gnu-tools-for-stm32.9-2020-q2-update.win32_2.0.0.202105311346/tools/bin/../lib/gcc/arm-none-eabi/9.3.1/../../../../arm-none-eabi/lib/thumb/v7e-m+fp/hard\libc_nano.a(lib_a-abort.o)
                0x000000000800c28c                abort
 *fill*         0x000000000800c29a        0x2 
 .text.__sflush_r
                0x000000000800c29c      0x10c d:/users/binh viet/stm32cubeide_1.7.0/stm32cubeide/plugins/com.st.stm32cube.ide.mcu.externaltools.gnu-tools-for-stm32.9-2020-q2-update.win32_2.0.0.202105311346/tools/bin/../lib/gcc/arm-none-eabi/9.3.1/../../../../arm-none-eabi/lib/thumb/v7e-m+fp/hard\libc_nano.a(lib_a-fflush.o)
                0x000000000800c29c                __sflush_r
 .text._fflush_r
                0x000000000800c3a8       0x78 d:/users/binh viet/stm32cubeide_1.7.0/stm32cubeide/plugins/com.st.stm32cube.ide.mcu.externaltools.gnu-tools-for-stm32.9-2020-q2-update.win32_2.0.0.202105311346/tools/bin/../lib/gcc/arm-none-eabi/9.3.1/../../../../arm-none-eabi/lib/thumb/v7e-m+fp/hard\libc_nano.a(lib_a-fflush.o)
                0x000000000800c3a8                _fflush_r
 .text.std      0x000000000800c420       0x48 d:/users/binh viet/stm32cubeide_1.7.0/stm32cubeide/plugins/com.st.stm32cube.ide.mcu.externaltools.gnu-tools-for-stm32.9-2020-q2-update.win32_2.0.0.202105311346/tools/bin/../lib/gcc/arm-none-eabi/9.3.1/../../../../arm-none-eabi/lib/thumb/v7e-m+fp/hard\libc_nano.a(lib_a-findfp.o)
 .text._cleanup_r
                0x000000000800c468        0xc d:/users/binh viet/stm32cubeide_1.7.0/stm32cubeide/plugins/com.st.stm32cube.ide.mcu.externaltools.gnu-tools-for-stm32.9-2020-q2-update.win32_2.0.0.202105311346/tools/bin/../lib/gcc/arm-none-eabi/9.3.1/../../../../arm-none-eabi/lib/thumb/v7e-m+fp/hard\libc_nano.a(lib_a-findfp.o)
                0x000000000800c468                _cleanup_r
 .text.__sfmoreglue
                0x000000000800c474       0x2c d:/users/binh viet/stm32cubeide_1.7.0/stm32cubeide/plugins/com.st.stm32cube.ide.mcu.externaltools.gnu-tools-for-stm32.9-2020-q2-update.win32_2.0.0.202105311346/tools/bin/../lib/gcc/arm-none-eabi/9.3.1/../../../../arm-none-eabi/lib/thumb/v7e-m+fp/hard\libc_nano.a(lib_a-findfp.o)
                0x000000000800c474                __sfmoreglue
 .text.__sfp_lock_acquire
                0x000000000800c4a0        0xc d:/users/binh viet/stm32cubeide_1.7.0/stm32cubeide/plugins/com.st.stm32cube.ide.mcu.externaltools.gnu-tools-for-stm32.9-2020-q2-update.win32_2.0.0.202105311346/tools/bin/../lib/gcc/arm-none-eabi/9.3.1/../../../../arm-none-eabi/lib/thumb/v7e-m+fp/hard\libc_nano.a(lib_a-findfp.o)
                0x000000000800c4a0                __sfp_lock_acquire
 .text.__sfp_lock_release
                0x000000000800c4ac        0xc d:/users/binh viet/stm32cubeide_1.7.0/stm32cubeide/plugins/com.st.stm32cube.ide.mcu.externaltools.gnu-tools-for-stm32.9-2020-q2-update.win32_2.0.0.202105311346/tools/bin/../lib/gcc/arm-none-eabi/9.3.1/../../../../arm-none-eabi/lib/thumb/v7e-m+fp/hard\libc_nano.a(lib_a-findfp.o)
                0x000000000800c4ac                __sfp_lock_release
 .text.__sinit_lock_acquire
                0x000000000800c4b8        0xc d:/users/binh viet/stm32cubeide_1.7.0/stm32cubeide/plugins/com.st.stm32cube.ide.mcu.externaltools.gnu-tools-for-stm32.9-2020-q2-update.win32_2.0.0.202105311346/tools/bin/../lib/gcc/arm-none-eabi/9.3.1/../../../../arm-none-eabi/lib/thumb/v7e-m+fp/hard\libc_nano.a(lib_a-findfp.o)
                0x000000000800c4b8                __sinit_lock_acquire
 .text.__sinit_lock_release
                0x000000000800c4c4        0xc d:/users/binh viet/stm32cubeide_1.7.0/stm32cubeide/plugins/com.st.stm32cube.ide.mcu.externaltools.gnu-tools-for-stm32.9-2020-q2-update.win32_2.0.0.202105311346/tools/bin/../lib/gcc/arm-none-eabi/9.3.1/../../../../arm-none-eabi/lib/thumb/v7e-m+fp/hard\libc_nano.a(lib_a-findfp.o)
                0x000000000800c4c4                __sinit_lock_release
 .text.__sinit  0x000000000800c4d0       0x70 d:/users/binh viet/stm32cubeide_1.7.0/stm32cubeide/plugins/com.st.stm32cube.ide.mcu.externaltools.gnu-tools-for-stm32.9-2020-q2-update.win32_2.0.0.202105311346/tools/bin/../lib/gcc/arm-none-eabi/9.3.1/../../../../arm-none-eabi/lib/thumb/v7e-m+fp/hard\libc_nano.a(lib_a-findfp.o)
                0x000000000800c4d0                __sinit
 .text.__sfp    0x000000000800c540       0x8c d:/users/binh viet/stm32cubeide_1.7.0/stm32cubeide/plugins/com.st.stm32cube.ide.mcu.externaltools.gnu-tools-for-stm32.9-2020-q2-update.win32_2.0.0.202105311346/tools/bin/../lib/gcc/arm-none-eabi/9.3.1/../../../../arm-none-eabi/lib/thumb/v7e-m+fp/hard\libc_nano.a(lib_a-findfp.o)
                0x000000000800c540                __sfp
 .text._fwalk_reent
                0x000000000800c5cc       0x3e d:/users/binh viet/stm32cubeide_1.7.0/stm32cubeide/plugins/com.st.stm32cube.ide.mcu.externaltools.gnu-tools-for-stm32.9-2020-q2-update.win32_2.0.0.202105311346/tools/bin/../lib/gcc/arm-none-eabi/9.3.1/../../../../arm-none-eabi/lib/thumb/v7e-m+fp/hard\libc_nano.a(lib_a-fwalk.o)
                0x000000000800c5cc                _fwalk_reent
 .text.__retarget_lock_init_recursive
                0x000000000800c60a        0x2 d:/users/binh viet/stm32cubeide_1.7.0/stm32cubeide/plugins/com.st.stm32cube.ide.mcu.externaltools.gnu-tools-for-stm32.9-2020-q2-update.win32_2.0.0.202105311346/tools/bin/../lib/gcc/arm-none-eabi/9.3.1/../../../../arm-none-eabi/lib/thumb/v7e-m+fp/hard\libc_nano.a(lib_a-lock.o)
                0x000000000800c60a                __retarget_lock_init_recursive
 .text.__retarget_lock_acquire_recursive
                0x000000000800c60c        0x2 d:/users/binh viet/stm32cubeide_1.7.0/stm32cubeide/plugins/com.st.stm32cube.ide.mcu.externaltools.gnu-tools-for-stm32.9-2020-q2-update.win32_2.0.0.202105311346/tools/bin/../lib/gcc/arm-none-eabi/9.3.1/../../../../arm-none-eabi/lib/thumb/v7e-m+fp/hard\libc_nano.a(lib_a-lock.o)
                0x000000000800c60c                __retarget_lock_acquire_recursive
 .text.__retarget_lock_release_recursive
                0x000000000800c60e        0x2 d:/users/binh viet/stm32cubeide_1.7.0/stm32cubeide/plugins/com.st.stm32cube.ide.mcu.externaltools.gnu-tools-for-stm32.9-2020-q2-update.win32_2.0.0.202105311346/tools/bin/../lib/gcc/arm-none-eabi/9.3.1/../../../../arm-none-eabi/lib/thumb/v7e-m+fp/hard\libc_nano.a(lib_a-lock.o)
                0x000000000800c60e                __retarget_lock_release_recursive
 .text.__swhatbuf_r
                0x000000000800c610       0x48 d:/users/binh viet/stm32cubeide_1.7.0/stm32cubeide/plugins/com.st.stm32cube.ide.mcu.externaltools.gnu-tools-for-stm32.9-2020-q2-update.win32_2.0.0.202105311346/tools/bin/../lib/gcc/arm-none-eabi/9.3.1/../../../../arm-none-eabi/lib/thumb/v7e-m+fp/hard\libc_nano.a(lib_a-makebuf.o)
                0x000000000800c610                __swhatbuf_r
 .text.__smakebuf_r
                0x000000000800c658       0x80 d:/users/binh viet/stm32cubeide_1.7.0/stm32cubeide/plugins/com.st.stm32cube.ide.mcu.externaltools.gnu-tools-for-stm32.9-2020-q2-update.win32_2.0.0.202105311346/tools/bin/../lib/gcc/arm-none-eabi/9.3.1/../../../../arm-none-eabi/lib/thumb/v7e-m+fp/hard\libc_nano.a(lib_a-makebuf.o)
                0x000000000800c658                __smakebuf_r
 .text.memmove  0x000000000800c6d8       0x34 d:/users/binh viet/stm32cubeide_1.7.0/stm32cubeide/plugins/com.st.stm32cube.ide.mcu.externaltools.gnu-tools-for-stm32.9-2020-q2-update.win32_2.0.0.202105311346/tools/bin/../lib/gcc/arm-none-eabi/9.3.1/../../../../arm-none-eabi/lib/thumb/v7e-m+fp/hard\libc_nano.a(lib_a-memmove.o)
                0x000000000800c6d8                memmove
 .text.__malloc_lock
                0x000000000800c70c        0xc d:/users/binh viet/stm32cubeide_1.7.0/stm32cubeide/plugins/com.st.stm32cube.ide.mcu.externaltools.gnu-tools-for-stm32.9-2020-q2-update.win32_2.0.0.202105311346/tools/bin/../lib/gcc/arm-none-eabi/9.3.1/../../../../arm-none-eabi/lib/thumb/v7e-m+fp/hard\libc_nano.a(lib_a-mlock.o)
                0x000000000800c70c                __malloc_lock
 .text.__malloc_unlock
                0x000000000800c718        0xc d:/users/binh viet/stm32cubeide_1.7.0/stm32cubeide/plugins/com.st.stm32cube.ide.mcu.externaltools.gnu-tools-for-stm32.9-2020-q2-update.win32_2.0.0.202105311346/tools/bin/../lib/gcc/arm-none-eabi/9.3.1/../../../../arm-none-eabi/lib/thumb/v7e-m+fp/hard\libc_nano.a(lib_a-mlock.o)
                0x000000000800c718                __malloc_unlock
 .text._realloc_r
                0x000000000800c724       0x4c d:/users/binh viet/stm32cubeide_1.7.0/stm32cubeide/plugins/com.st.stm32cube.ide.mcu.externaltools.gnu-tools-for-stm32.9-2020-q2-update.win32_2.0.0.202105311346/tools/bin/../lib/gcc/arm-none-eabi/9.3.1/../../../../arm-none-eabi/lib/thumb/v7e-m+fp/hard\libc_nano.a(lib_a-nano-reallocr.o)
                0x000000000800c724                _realloc_r
 .text._raise_r
                0x000000000800c770       0x50 d:/users/binh viet/stm32cubeide_1.7.0/stm32cubeide/plugins/com.st.stm32cube.ide.mcu.externaltools.gnu-tools-for-stm32.9-2020-q2-update.win32_2.0.0.202105311346/tools/bin/../lib/gcc/arm-none-eabi/9.3.1/../../../../arm-none-eabi/lib/thumb/v7e-m+fp/hard\libc_nano.a(lib_a-signal.o)
                0x000000000800c770                _raise_r
 .text.raise    0x000000000800c7c0       0x10 d:/users/binh viet/stm32cubeide_1.7.0/stm32cubeide/plugins/com.st.stm32cube.ide.mcu.externaltools.gnu-tools-for-stm32.9-2020-q2-update.win32_2.0.0.202105311346/tools/bin/../lib/gcc/arm-none-eabi/9.3.1/../../../../arm-none-eabi/lib/thumb/v7e-m+fp/hard\libc_nano.a(lib_a-signal.o)
                0x000000000800c7c0                raise
 .text._kill_r  0x000000000800c7d0       0x24 d:/users/binh viet/stm32cubeide_1.7.0/stm32cubeide/plugins/com.st.stm32cube.ide.mcu.externaltools.gnu-tools-for-stm32.9-2020-q2-update.win32_2.0.0.202105311346/tools/bin/../lib/gcc/arm-none-eabi/9.3.1/../../../../arm-none-eabi/lib/thumb/v7e-m+fp/hard\libc_nano.a(lib_a-signalr.o)
                0x000000000800c7d0                _kill_r
 .text._getpid_r
                0x000000000800c7f4        0x4 d:/users/binh viet/stm32cubeide_1.7.0/stm32cubeide/plugins/com.st.stm32cube.ide.mcu.externaltools.gnu-tools-for-stm32.9-2020-q2-update.win32_2.0.0.202105311346/tools/bin/../lib/gcc/arm-none-eabi/9.3.1/../../../../arm-none-eabi/lib/thumb/v7e-m+fp/hard\libc_nano.a(lib_a-signalr.o)
                0x000000000800c7f4                _getpid_r
 .text.__sread  0x000000000800c7f8       0x22 d:/users/binh viet/stm32cubeide_1.7.0/stm32cubeide/plugins/com.st.stm32cube.ide.mcu.externaltools.gnu-tools-for-stm32.9-2020-q2-update.win32_2.0.0.202105311346/tools/bin/../lib/gcc/arm-none-eabi/9.3.1/../../../../arm-none-eabi/lib/thumb/v7e-m+fp/hard\libc_nano.a(lib_a-stdio.o)
                0x000000000800c7f8                __sread
 .text.__swrite
                0x000000000800c81a       0x38 d:/users/binh viet/stm32cubeide_1.7.0/stm32cubeide/plugins/com.st.stm32cube.ide.mcu.externaltools.gnu-tools-for-stm32.9-2020-q2-update.win32_2.0.0.202105311346/tools/bin/../lib/gcc/arm-none-eabi/9.3.1/../../../../arm-none-eabi/lib/thumb/v7e-m+fp/hard\libc_nano.a(lib_a-stdio.o)
                0x000000000800c81a                __swrite
 .text.__sseek  0x000000000800c852       0x24 d:/users/binh viet/stm32cubeide_1.7.0/stm32cubeide/plugins/com.st.stm32cube.ide.mcu.externaltools.gnu-tools-for-stm32.9-2020-q2-update.win32_2.0.0.202105311346/tools/bin/../lib/gcc/arm-none-eabi/9.3.1/../../../../arm-none-eabi/lib/thumb/v7e-m+fp/hard\libc_nano.a(lib_a-stdio.o)
                0x000000000800c852                __sseek
 .text.__sclose
                0x000000000800c876        0x8 d:/users/binh viet/stm32cubeide_1.7.0/stm32cubeide/plugins/com.st.stm32cube.ide.mcu.externaltools.gnu-tools-for-stm32.9-2020-q2-update.win32_2.0.0.202105311346/tools/bin/../lib/gcc/arm-none-eabi/9.3.1/../../../../arm-none-eabi/lib/thumb/v7e-m+fp/hard\libc_nano.a(lib_a-stdio.o)
                0x000000000800c876                __sclose
 *fill*         0x000000000800c87e        0x2 
 .text._write_r
                0x000000000800c880       0x24 d:/users/binh viet/stm32cubeide_1.7.0/stm32cubeide/plugins/com.st.stm32cube.ide.mcu.externaltools.gnu-tools-for-stm32.9-2020-q2-update.win32_2.0.0.202105311346/tools/bin/../lib/gcc/arm-none-eabi/9.3.1/../../../../arm-none-eabi/lib/thumb/v7e-m+fp/hard\libc_nano.a(lib_a-writer.o)
                0x000000000800c880                _write_r
 .text._close_r
                0x000000000800c8a4       0x20 d:/users/binh viet/stm32cubeide_1.7.0/stm32cubeide/plugins/com.st.stm32cube.ide.mcu.externaltools.gnu-tools-for-stm32.9-2020-q2-update.win32_2.0.0.202105311346/tools/bin/../lib/gcc/arm-none-eabi/9.3.1/../../../../arm-none-eabi/lib/thumb/v7e-m+fp/hard\libc_nano.a(lib_a-closer.o)
                0x000000000800c8a4                _close_r
 .text._fstat_r
                0x000000000800c8c4       0x24 d:/users/binh viet/stm32cubeide_1.7.0/stm32cubeide/plugins/com.st.stm32cube.ide.mcu.externaltools.gnu-tools-for-stm32.9-2020-q2-update.win32_2.0.0.202105311346/tools/bin/../lib/gcc/arm-none-eabi/9.3.1/../../../../arm-none-eabi/lib/thumb/v7e-m+fp/hard\libc_nano.a(lib_a-fstatr.o)
                0x000000000800c8c4                _fstat_r
 .text._isatty_r
                0x000000000800c8e8       0x20 d:/users/binh viet/stm32cubeide_1.7.0/stm32cubeide/plugins/com.st.stm32cube.ide.mcu.externaltools.gnu-tools-for-stm32.9-2020-q2-update.win32_2.0.0.202105311346/tools/bin/../lib/gcc/arm-none-eabi/9.3.1/../../../../arm-none-eabi/lib/thumb/v7e-m+fp/hard\libc_nano.a(lib_a-isattyr.o)
                0x000000000800c8e8                _isatty_r
 .text._lseek_r
                0x000000000800c908       0x24 d:/users/binh viet/stm32cubeide_1.7.0/stm32cubeide/plugins/com.st.stm32cube.ide.mcu.externaltools.gnu-tools-for-stm32.9-2020-q2-update.win32_2.0.0.202105311346/tools/bin/../lib/gcc/arm-none-eabi/9.3.1/../../../../arm-none-eabi/lib/thumb/v7e-m+fp/hard\libc_nano.a(lib_a-lseekr.o)
                0x000000000800c908                _lseek_r
 .text._malloc_usable_size_r
                0x000000000800c92c       0x10 d:/users/binh viet/stm32cubeide_1.7.0/stm32cubeide/plugins/com.st.stm32cube.ide.mcu.externaltools.gnu-tools-for-stm32.9-2020-q2-update.win32_2.0.0.202105311346/tools/bin/../lib/gcc/arm-none-eabi/9.3.1/../../../../arm-none-eabi/lib/thumb/v7e-m+fp/hard\libc_nano.a(lib_a-nano-msizer.o)
                0x000000000800c92c                _malloc_usable_size_r
 .text._read_r  0x000000000800c93c       0x24 d:/users/binh viet/stm32cubeide_1.7.0/stm32cubeide/plugins/com.st.stm32cube.ide.mcu.externaltools.gnu-tools-for-stm32.9-2020-q2-update.win32_2.0.0.202105311346/tools/bin/../lib/gcc/arm-none-eabi/9.3.1/../../../../arm-none-eabi/lib/thumb/v7e-m+fp/hard\libc_nano.a(lib_a-readr.o)
                0x000000000800c93c                _read_r
 *(.glue_7)
 .glue_7        0x000000000800c960        0x0 linker stubs
 *(.glue_7t)
 .glue_7t       0x000000000800c960        0x0 linker stubs
 *(.eh_frame)
 .eh_frame      0x000000000800c960        0x0 d:/users/binh viet/stm32cubeide_1.7.0/stm32cubeide/plugins/com.st.stm32cube.ide.mcu.externaltools.gnu-tools-for-stm32.9-2020-q2-update.win32_2.0.0.202105311346/tools/bin/../lib/gcc/arm-none-eabi/9.3.1/thumb/v7e-m+fp/hard/crtbegin.o
 *(.init)
 .init          0x000000000800c960        0x4 d:/users/binh viet/stm32cubeide_1.7.0/stm32cubeide/plugins/com.st.stm32cube.ide.mcu.externaltools.gnu-tools-for-stm32.9-2020-q2-update.win32_2.0.0.202105311346/tools/bin/../lib/gcc/arm-none-eabi/9.3.1/thumb/v7e-m+fp/hard/crti.o
                0x000000000800c960                _init
 .init          0x000000000800c964        0x8 d:/users/binh viet/stm32cubeide_1.7.0/stm32cubeide/plugins/com.st.stm32cube.ide.mcu.externaltools.gnu-tools-for-stm32.9-2020-q2-update.win32_2.0.0.202105311346/tools/bin/../lib/gcc/arm-none-eabi/9.3.1/thumb/v7e-m+fp/hard/crtn.o
 *(.fini)
 .fini          0x000000000800c96c        0x4 d:/users/binh viet/stm32cubeide_1.7.0/stm32cubeide/plugins/com.st.stm32cube.ide.mcu.externaltools.gnu-tools-for-stm32.9-2020-q2-update.win32_2.0.0.202105311346/tools/bin/../lib/gcc/arm-none-eabi/9.3.1/thumb/v7e-m+fp/hard/crti.o
                0x000000000800c96c                _fini
 .fini          0x000000000800c970        0x8 d:/users/binh viet/stm32cubeide_1.7.0/stm32cubeide/plugins/com.st.stm32cube.ide.mcu.externaltools.gnu-tools-for-stm32.9-2020-q2-update.win32_2.0.0.202105311346/tools/bin/../lib/gcc/arm-none-eabi/9.3.1/thumb/v7e-m+fp/hard/crtn.o
                0x000000000800c978                . = ALIGN (0x4)
                0x000000000800c978                _etext = .

.vfp11_veneer   0x000000000800c978        0x0
 .vfp11_veneer  0x000000000800c978        0x0 linker stubs

.v4_bx          0x000000000800c978        0x0
 .v4_bx         0x000000000800c978        0x0 linker stubs

.iplt           0x000000000800c978        0x0
 .iplt          0x000000000800c978        0x0 d:/users/binh viet/stm32cubeide_1.7.0/stm32cubeide/plugins/com.st.stm32cube.ide.mcu.externaltools.gnu-tools-for-stm32.9-2020-q2-update.win32_2.0.0.202105311346/tools/bin/../lib/gcc/arm-none-eabi/9.3.1/thumb/v7e-m+fp/hard/crtbegin.o

.rodata         0x000000000800c978     0x4298
                0x000000000800c978                . = ALIGN (0x4)
 *(.rodata)
 .rodata        0x000000000800c978       0x62 ./Core/Src/advanceModeUI.o
 *fill*         0x000000000800c9da        0x2 
 .rodata        0x000000000800c9dc       0x1f ./Core/Src/exitUI.o
 *fill*         0x000000000800c9fb        0x1 
 .rodata        0x000000000800c9fc       0xc6 ./Core/Src/game_over.o
 *fill*         0x000000000800cac2        0x2 
 .rodata        0x000000000800cac4       0x10 ./Core/Src/main.o
 .rodata        0x000000000800cad4       0x9b ./Core/Src/set_up_mode.o
 *fill*         0x000000000800cb6f        0x1 
 .rodata        0x000000000800cb70       0x95 ./Core/Src/startGame.o
 *fill*         0x000000000800cc05        0x3 
 .rodata        0x000000000800cc08       0x6b ./Core/Src/stop_game.o
 *fill*         0x000000000800cc73        0x1 
 .rodata        0x000000000800cc74       0x5a ./Core/Src/timingModeUI.o
 *fill*         0x000000000800ccce        0x2 
 .rodata        0x000000000800ccd0      0x222 ./Core/Src/uart.o
 *(.rodata*)
 *fill*         0x000000000800cef2        0x2 
 .rodata.ascii_1608
                0x000000000800cef4      0x5f0 ./Core/Src/lcd.o
                0x000000000800cef4                ascii_1608
 .rodata.ascii_2412
                0x000000000800d4e4     0x11d0 ./Core/Src/lcd.o
                0x000000000800d4e4                ascii_2412
 .rodata.ascii_3216
                0x000000000800e6b4     0x17c0 ./Core/Src/lcd.o
                0x000000000800e6b4                ascii_3216
 .rodata.gImage_BKWHITEBG
                0x000000000800fe74      0xc30 ./Core/Src/picture.o
                0x000000000800fe74                gImage_BKWHITEBG
 .rodata.AHBPrescTable
                0x0000000008010aa4       0x10 ./Core/Src/system_stm32f4xx.o
                0x0000000008010aa4                AHBPrescTable
 .rodata.APBPrescTable
                0x0000000008010ab4        0x8 ./Core/Src/system_stm32f4xx.o
                0x0000000008010ab4                APBPrescTable
 .rodata.flagBitshiftOffset.9130
                0x0000000008010abc        0x8 ./Drivers/STM32F4xx_HAL_Driver/Src/stm32f4xx_hal_dma.o
 .rodata._global_impure_ptr
                0x0000000008010ac4        0x4 d:/users/binh viet/stm32cubeide_1.7.0/stm32cubeide/plugins/com.st.stm32cube.ide.mcu.externaltools.gnu-tools-for-stm32.9-2020-q2-update.win32_2.0.0.202105311346/tools/bin/../lib/gcc/arm-none-eabi/9.3.1/../../../../arm-none-eabi/lib/thumb/v7e-m+fp/hard\libc_nano.a(lib_a-impure.o)
                0x0000000008010ac4                _global_impure_ptr
 .rodata.srand.str1.1
                0x0000000008010ac8       0x76 d:/users/binh viet/stm32cubeide_1.7.0/stm32cubeide/plugins/com.st.stm32cube.ide.mcu.externaltools.gnu-tools-for-stm32.9-2020-q2-update.win32_2.0.0.202105311346/tools/bin/../lib/gcc/arm-none-eabi/9.3.1/../../../../arm-none-eabi/lib/thumb/v7e-m+fp/hard\libc_nano.a(lib_a-rand.o)
 .rodata.__assert_func.str1.1
                0x0000000008010b3e       0x3c d:/users/binh viet/stm32cubeide_1.7.0/stm32cubeide/plugins/com.st.stm32cube.ide.mcu.externaltools.gnu-tools-for-stm32.9-2020-q2-update.win32_2.0.0.202105311346/tools/bin/../lib/gcc/arm-none-eabi/9.3.1/../../../../arm-none-eabi/lib/thumb/v7e-m+fp/hard\libc_nano.a(lib_a-assert.o)
                                         0x3d (size before relaxing)
 .rodata._svfprintf_r.str1.1
                0x0000000008010b7a       0x11 d:/users/binh viet/stm32cubeide_1.7.0/stm32cubeide/plugins/com.st.stm32cube.ide.mcu.externaltools.gnu-tools-for-stm32.9-2020-q2-update.win32_2.0.0.202105311346/tools/bin/../lib/gcc/arm-none-eabi/9.3.1/../../../../arm-none-eabi/lib/thumb/v7e-m+fp/hard\libc_nano.a(lib_a-nano-svfprintf.o)
 .rodata._vfprintf_r.str1.1
                0x0000000008010b8b       0x11 d:/users/binh viet/stm32cubeide_1.7.0/stm32cubeide/plugins/com.st.stm32cube.ide.mcu.externaltools.gnu-tools-for-stm32.9-2020-q2-update.win32_2.0.0.202105311346/tools/bin/../lib/gcc/arm-none-eabi/9.3.1/../../../../arm-none-eabi/lib/thumb/v7e-m+fp/hard\libc_nano.a(lib_a-nano-vfprintf.o)
 .rodata._printf_i.str1.1
                0x0000000008010b8b       0x22 d:/users/binh viet/stm32cubeide_1.7.0/stm32cubeide/plugins/com.st.stm32cube.ide.mcu.externaltools.gnu-tools-for-stm32.9-2020-q2-update.win32_2.0.0.202105311346/tools/bin/../lib/gcc/arm-none-eabi/9.3.1/../../../../arm-none-eabi/lib/thumb/v7e-m+fp/hard\libc_nano.a(lib_a-nano-vfprintf_i.o)
 *fill*         0x0000000008010bad        0x3 
 .rodata.__sf_fake_stderr
                0x0000000008010bb0       0x20 d:/users/binh viet/stm32cubeide_1.7.0/stm32cubeide/plugins/com.st.stm32cube.ide.mcu.externaltools.gnu-tools-for-stm32.9-2020-q2-update.win32_2.0.0.202105311346/tools/bin/../lib/gcc/arm-none-eabi/9.3.1/../../../../arm-none-eabi/lib/thumb/v7e-m+fp/hard\libc_nano.a(lib_a-findfp.o)
                0x0000000008010bb0                __sf_fake_stderr
 .rodata.__sf_fake_stdin
                0x0000000008010bd0       0x20 d:/users/binh viet/stm32cubeide_1.7.0/stm32cubeide/plugins/com.st.stm32cube.ide.mcu.externaltools.gnu-tools-for-stm32.9-2020-q2-update.win32_2.0.0.202105311346/tools/bin/../lib/gcc/arm-none-eabi/9.3.1/../../../../arm-none-eabi/lib/thumb/v7e-m+fp/hard\libc_nano.a(lib_a-findfp.o)
                0x0000000008010bd0                __sf_fake_stdin
 .rodata.__sf_fake_stdout
                0x0000000008010bf0       0x20 d:/users/binh viet/stm32cubeide_1.7.0/stm32cubeide/plugins/com.st.stm32cube.ide.mcu.externaltools.gnu-tools-for-stm32.9-2020-q2-update.win32_2.0.0.202105311346/tools/bin/../lib/gcc/arm-none-eabi/9.3.1/../../../../arm-none-eabi/lib/thumb/v7e-m+fp/hard\libc_nano.a(lib_a-findfp.o)
                0x0000000008010bf0                __sf_fake_stdout
                0x0000000008010c10                . = ALIGN (0x4)

.ARM.extab      0x0000000008010c10        0x0
                0x0000000008010c10                . = ALIGN (0x4)
 *(.ARM.extab* .gnu.linkonce.armextab.*)
                0x0000000008010c10                . = ALIGN (0x4)

.ARM            0x0000000008010c10        0x8
                0x0000000008010c10                . = ALIGN (0x4)
                0x0000000008010c10                __exidx_start = .
 *(.ARM.exidx*)
 .ARM.exidx     0x0000000008010c10        0x8 d:/users/binh viet/stm32cubeide_1.7.0/stm32cubeide/plugins/com.st.stm32cube.ide.mcu.externaltools.gnu-tools-for-stm32.9-2020-q2-update.win32_2.0.0.202105311346/tools/bin/../lib/gcc/arm-none-eabi/9.3.1/thumb/v7e-m+fp/hard\libgcc.a(_udivmoddi4.o)
                0x0000000008010c18                __exidx_end = .
                0x0000000008010c18                . = ALIGN (0x4)

.rel.dyn        0x0000000008010c18        0x0
 .rel.iplt      0x0000000008010c18        0x0 d:/users/binh viet/stm32cubeide_1.7.0/stm32cubeide/plugins/com.st.stm32cube.ide.mcu.externaltools.gnu-tools-for-stm32.9-2020-q2-update.win32_2.0.0.202105311346/tools/bin/../lib/gcc/arm-none-eabi/9.3.1/thumb/v7e-m+fp/hard/crtbegin.o

.preinit_array  0x0000000008010c18        0x0
                0x0000000008010c18                . = ALIGN (0x4)
                0x0000000008010c18                PROVIDE (__preinit_array_start = .)
 *(.preinit_array*)
                0x0000000008010c18                PROVIDE (__preinit_array_end = .)
                0x0000000008010c18                . = ALIGN (0x4)

.init_array     0x0000000008010c18        0x4
                0x0000000008010c18                . = ALIGN (0x4)
                0x0000000008010c18                PROVIDE (__init_array_start = .)
 *(SORT_BY_NAME(.init_array.*))
 *(.init_array*)
 .init_array    0x0000000008010c18        0x4 d:/users/binh viet/stm32cubeide_1.7.0/stm32cubeide/plugins/com.st.stm32cube.ide.mcu.externaltools.gnu-tools-for-stm32.9-2020-q2-update.win32_2.0.0.202105311346/tools/bin/../lib/gcc/arm-none-eabi/9.3.1/thumb/v7e-m+fp/hard/crtbegin.o
                0x0000000008010c1c                PROVIDE (__init_array_end = .)
                0x0000000008010c1c                . = ALIGN (0x4)

.fini_array     0x0000000008010c1c        0x4
                0x0000000008010c1c                . = ALIGN (0x4)
                [!provide]                        PROVIDE (__fini_array_start = .)
 *(SORT_BY_NAME(.fini_array.*))
 *(.fini_array*)
 .fini_array    0x0000000008010c1c        0x4 d:/users/binh viet/stm32cubeide_1.7.0/stm32cubeide/plugins/com.st.stm32cube.ide.mcu.externaltools.gnu-tools-for-stm32.9-2020-q2-update.win32_2.0.0.202105311346/tools/bin/../lib/gcc/arm-none-eabi/9.3.1/thumb/v7e-m+fp/hard/crtbegin.o
                [!provide]                        PROVIDE (__fini_array_end = .)
                0x0000000008010c20                . = ALIGN (0x4)
                0x0000000008010c20                _sidata = LOADADDR (.data)

.data           0x0000000020000000      0x110 load address 0x0000000008010c20
                0x0000000020000000                . = ALIGN (0x4)
                0x0000000020000000                _sdata = .
 *(.data)
 *(.data*)
 .data.TIMING   0x0000000020000000        0x2 ./Core/Src/global.o
                0x0000000020000000                TIMING
 *fill*         0x0000000020000002        0x2 
 .data.arrowX1  0x0000000020000004        0x4 ./Core/Src/global.o
                0x0000000020000004                arrowX1
 .data.arrowX2  0x0000000020000008        0x4 ./Core/Src/global.o
                0x0000000020000008                arrowX2
 .data.arrowY1  0x000000002000000c        0x4 ./Core/Src/global.o
                0x000000002000000c                arrowY1
 .data.arrowY2  0x0000000020000010        0x4 ./Core/Src/global.o
                0x0000000020000010                arrowY2
 .data.arrowMode
                0x0000000020000014        0x4 ./Core/Src/global.o
                0x0000000020000014                arrowMode
 .data.wallX    0x0000000020000018       0x10 ./Core/Src/global.o
                0x0000000020000018                wallX
 .data.wallY    0x0000000020000028       0x10 ./Core/Src/global.o
                0x0000000020000028                wallY
 .data.wallSize
                0x0000000020000038        0x4 ./Core/Src/global.o
                0x0000000020000038                wallSize
 .data.overWallX
                0x000000002000003c       0x10 ./Core/Src/global.o
                0x000000002000003c                overWallX
 .data.overWallY
                0x000000002000004c       0x10 ./Core/Src/global.o
                0x000000002000004c                overWallY
 .data.arrowStopMode
                0x000000002000005c        0x4 ./Core/Src/global.o
                0x000000002000005c                arrowStopMode
 .data.arrowExitMode
                0x0000000020000060        0x4 ./Core/Src/global.o
                0x0000000020000060                arrowExitMode
 .data.idX      0x0000000020000064        0x4 ./Core/Src/global.o
                0x0000000020000064                idX
 .data.idY      0x0000000020000068        0x4 ./Core/Src/global.o
                0x0000000020000068                idY
 .data.scoreX   0x000000002000006c        0x4 ./Core/Src/global.o
                0x000000002000006c                scoreX
 .data.scoreY   0x0000000020000070        0x4 ./Core/Src/global.o
                0x0000000020000070                scoreY
 .data.logoBKX  0x0000000020000074        0x4 ./Core/Src/global.o
                0x0000000020000074                logoBKX
 .data.logoBKY  0x0000000020000078        0x4 ./Core/Src/global.o
                0x0000000020000078                logoBKY
 .data.logoBKHeight
                0x000000002000007c        0x4 ./Core/Src/global.o
                0x000000002000007c                logoBKHeight
 .data.logoBKWidth
                0x0000000020000080        0x4 ./Core/Src/global.o
                0x0000000020000080                logoBKWidth
 .data.led7seg  0x0000000020000084        0x4 ./Core/Src/led_7seg.o
                0x0000000020000084                led7seg
 .data.arrayOfNum
                0x0000000020000088        0xa ./Core/Src/led_7seg.o
                0x0000000020000088                arrayOfNum
 .data.spi_buffer
                0x0000000020000092        0x2 ./Core/Src/led_7seg.o
                0x0000000020000092                spi_buffer
 .data.xFruit   0x0000000020000094        0x4 ./Core/Src/snake.o
                0x0000000020000094                xFruit
 .data.yFruit   0x0000000020000098        0x4 ./Core/Src/snake.o
                0x0000000020000098                yFruit
 .data.flagEat  0x000000002000009c        0x4 ./Core/Src/snake.o
                0x000000002000009c                flagEat
 .data.SystemCoreClock
                0x00000000200000a0        0x4 ./Core/Src/system_stm32f4xx.o
                0x00000000200000a0                SystemCoreClock
 .data.uwTickPrio
                0x00000000200000a4        0x4 ./Drivers/STM32F4xx_HAL_Driver/Src/stm32f4xx_hal.o
                0x00000000200000a4                uwTickPrio
 .data.uwTickFreq
                0x00000000200000a8        0x1 ./Drivers/STM32F4xx_HAL_Driver/Src/stm32f4xx_hal.o
                0x00000000200000a8                uwTickFreq
 *fill*         0x00000000200000a9        0x3 
 .data._impure_ptr
                0x00000000200000ac        0x4 d:/users/binh viet/stm32cubeide_1.7.0/stm32cubeide/plugins/com.st.stm32cube.ide.mcu.externaltools.gnu-tools-for-stm32.9-2020-q2-update.win32_2.0.0.202105311346/tools/bin/../lib/gcc/arm-none-eabi/9.3.1/../../../../arm-none-eabi/lib/thumb/v7e-m+fp/hard\libc_nano.a(lib_a-impure.o)
                0x00000000200000ac                _impure_ptr
 .data.impure_data
                0x00000000200000b0       0x60 d:/users/binh viet/stm32cubeide_1.7.0/stm32cubeide/plugins/com.st.stm32cube.ide.mcu.externaltools.gnu-tools-for-stm32.9-2020-q2-update.win32_2.0.0.202105311346/tools/bin/../lib/gcc/arm-none-eabi/9.3.1/../../../../arm-none-eabi/lib/thumb/v7e-m+fp/hard\libc_nano.a(lib_a-impure.o)
 *(.RamFunc)
 *(.RamFunc*)
                0x0000000020000110                . = ALIGN (0x4)
                0x0000000020000110                _edata = .
                0x0000000008010d30                _siccmram = LOADADDR (.ccmram)

.igot.plt       0x0000000020000110        0x0 load address 0x0000000008010d30
 .igot.plt      0x0000000020000110        0x0 d:/users/binh viet/stm32cubeide_1.7.0/stm32cubeide/plugins/com.st.stm32cube.ide.mcu.externaltools.gnu-tools-for-stm32.9-2020-q2-update.win32_2.0.0.202105311346/tools/bin/../lib/gcc/arm-none-eabi/9.3.1/thumb/v7e-m+fp/hard/crtbegin.o

.ccmram         0x0000000010000000        0x0 load address 0x0000000008010d30
                0x0000000010000000                . = ALIGN (0x4)
                0x0000000010000000                _sccmram = .
 *(.ccmram)
 *(.ccmram*)
                0x0000000010000000                . = ALIGN (0x4)
                0x0000000010000000                _eccmram = .
                0x0000000010000000                . = ALIGN (0x4)

.bss            0x0000000020000110     0x2a98
                0x0000000020000110                _sbss = .
                0x0000000020000110                __bss_start__ = _sbss
 *(.bss)
 .bss           0x0000000020000110       0x1c d:/users/binh viet/stm32cubeide_1.7.0/stm32cubeide/plugins/com.st.stm32cube.ide.mcu.externaltools.gnu-tools-for-stm32.9-2020-q2-update.win32_2.0.0.202105311346/tools/bin/../lib/gcc/arm-none-eabi/9.3.1/thumb/v7e-m+fp/hard/crtbegin.o
 *(.bss*)
 .bss.FSMC_Initialized
                0x000000002000012c        0x4 ./Core/Src/fsmc.o
 .bss.ID        0x0000000020000130        0x2 ./Core/Src/global.o
                0x0000000020000130                ID
 .bss.SCORE     0x0000000020000132        0x2 ./Core/Src/global.o
                0x0000000020000132                SCORE