snake.c:76:6:drawHeadSnake	24	static
snake.c:117:6:goLeft	48	static
snake.c:159:6:goRight	48	static
snake.c:201:6:goUp	48	static
snake.c:243:6:goDown	48	static
snake.c:285:6:resumeGame	40	static
snake.c:316:5:checkOutOfValidRange	4	static
snake.c:323:5:checkEatBody	16	static
snake.c:331:5:checkEatFruit	4	static
snake.c:338:5:checkHitWall	16	static
snake.c:366:6:checkHead	32	static
snake.c:413:6:move	8	static
snake.c:434:6:wallInit	16	static
snake.c:447:6:snakeRun	16	static
snake.c:569:6:snakeInit	32	static
snake.c:604:6:generateFruit	40	static
snake.c:659:6:generateWall	64	static
snake.c:807:6:stopSnake	4	static
