../Core/Src/snake.c:77:6:drawHeadSnake	24	static
../Core/Src/snake.c:118:6:goLeft	48	static
../Core/Src/snake.c:160:6:goRight	48	static
../Core/Src/snake.c:202:6:goUp	48	static
../Core/Src/snake.c:244:6:goDown	48	static
../Core/Src/snake.c:286:6:resumeGame	40	static
../Core/Src/snake.c:317:5:checkOutOfValidRange	4	static
../Core/Src/snake.c:325:5:checkEatBody	16	static
../Core/Src/snake.c:334:5:checkEatFruit	4	static
../Core/Src/snake.c:341:5:checkHitWall	16	static
../Core/Src/snake.c:368:6:checkHead	32	static
../Core/Src/snake.c:415:6:move	8	static
../Core/Src/snake.c:436:6:wallInit	16	static
../Core/Src/snake.c:449:6:snakeRun	16	static
../Core/Src/snake.c:509:6:snakeInit	32	static
../Core/Src/snake.c:543:6:generateFruit	40	static
../Core/Src/snake.c:596:6:generateWall	64	static
